ARM Linker, 5.03 [Build 76] [MDK-ARM Standard]

==============================================================================

Section Cross References

    system_stm32f10x.o(i.SetSysClock) refers to system_stm32f10x.o(i.SetSysClockTo72) for SetSysClockTo72
    system_stm32f10x.o(i.SystemCoreClockUpdate) refers to system_stm32f10x.o(.data) for SystemCoreClock
    system_stm32f10x.o(i.SystemInit) refers to system_stm32f10x.o(i.SetSysClock) for SetSysClock
    startup_stm32f10x_hd.o(RESET) refers to startup_stm32f10x_hd.o(STACK) for __initial_sp
    startup_stm32f10x_hd.o(RESET) refers to startup_stm32f10x_hd.o(.text) for Reset_Handler
    startup_stm32f10x_hd.o(RESET) refers to stm32f10x_it.o(i.NMI_Handler) for NMI_Handler
    startup_stm32f10x_hd.o(RESET) refers to stm32f10x_it.o(i.HardFault_Handler) for HardFault_Handler
    startup_stm32f10x_hd.o(RESET) refers to stm32f10x_it.o(i.MemManage_Handler) for MemManage_Handler
    startup_stm32f10x_hd.o(RESET) refers to stm32f10x_it.o(i.BusFault_Handler) for BusFault_Handler
    startup_stm32f10x_hd.o(RESET) refers to stm32f10x_it.o(i.UsageFault_Handler) for UsageFault_Handler
    startup_stm32f10x_hd.o(RESET) refers to stm32f10x_it.o(i.SVC_Handler) for SVC_Handler
    startup_stm32f10x_hd.o(RESET) refers to stm32f10x_it.o(i.DebugMon_Handler) for DebugMon_Handler
    startup_stm32f10x_hd.o(RESET) refers to stm32f10x_it.o(i.PendSV_Handler) for PendSV_Handler
    startup_stm32f10x_hd.o(RESET) refers to stm32f10x_it.o(i.USB_LP_CAN1_RX0_IRQHandler) for USB_LP_CAN1_RX0_IRQHandler
    startup_stm32f10x_hd.o(RESET) refers to pwm_in.o(i.TIM2_IRQHandler) for TIM2_IRQHandler
    startup_stm32f10x_hd.o(RESET) refers to pwm_in.o(i.TIM3_IRQHandler) for TIM3_IRQHandler
    startup_stm32f10x_hd.o(RESET) refers to hard_i2c.o(i.I2C1_EV_IRQHandler) for I2C1_EV_IRQHandler
    startup_stm32f10x_hd.o(RESET) refers to hard_i2c.o(i.I2C1_ER_IRQHandler) for I2C1_ER_IRQHandler
    startup_stm32f10x_hd.o(RESET) refers to hard_i2c.o(i.I2C2_EV_IRQHandler) for I2C2_EV_IRQHandler
    startup_stm32f10x_hd.o(RESET) refers to hard_i2c.o(i.I2C2_ER_IRQHandler) for I2C2_ER_IRQHandler
    startup_stm32f10x_hd.o(RESET) refers to stm32f10x_it.o(i.TIM5_IRQHandler) for TIM5_IRQHandler
    startup_stm32f10x_hd.o(.text) refers to system_stm32f10x.o(i.SystemInit) for SystemInit
    startup_stm32f10x_hd.o(.text) refers to entry.o(.ARM.Collect$$$$00000000) for __main
    stm32f10x_rcc.o(i.RCC_GetClocksFreq) refers to stm32f10x_rcc.o(.data) for APBAHBPrescTable
    stm32f10x_rcc.o(i.RCC_WaitForHSEStartUp) refers to stm32f10x_rcc.o(i.RCC_GetFlagStatus) for RCC_GetFlagStatus
    stm32f10x_usart.o(i.USART_DeInit) refers to stm32f10x_rcc.o(i.RCC_APB2PeriphResetCmd) for RCC_APB2PeriphResetCmd
    stm32f10x_usart.o(i.USART_DeInit) refers to stm32f10x_rcc.o(i.RCC_APB1PeriphResetCmd) for RCC_APB1PeriphResetCmd
    stm32f10x_usart.o(i.USART_Init) refers to stm32f10x_rcc.o(i.RCC_GetClocksFreq) for RCC_GetClocksFreq
    stm32f10x_gpio.o(i.GPIO_AFIODeInit) refers to stm32f10x_rcc.o(i.RCC_APB2PeriphResetCmd) for RCC_APB2PeriphResetCmd
    stm32f10x_gpio.o(i.GPIO_DeInit) refers to stm32f10x_rcc.o(i.RCC_APB2PeriphResetCmd) for RCC_APB2PeriphResetCmd
    stm32f10x_spi.o(i.I2S_Init) refers to stm32f10x_rcc.o(i.RCC_GetClocksFreq) for RCC_GetClocksFreq
    stm32f10x_spi.o(i.SPI_I2S_DeInit) refers to stm32f10x_rcc.o(i.RCC_APB2PeriphResetCmd) for RCC_APB2PeriphResetCmd
    stm32f10x_spi.o(i.SPI_I2S_DeInit) refers to stm32f10x_rcc.o(i.RCC_APB1PeriphResetCmd) for RCC_APB1PeriphResetCmd
    stm32f10x_tim.o(i.TIM_DeInit) refers to stm32f10x_rcc.o(i.RCC_APB2PeriphResetCmd) for RCC_APB2PeriphResetCmd
    stm32f10x_tim.o(i.TIM_DeInit) refers to stm32f10x_rcc.o(i.RCC_APB1PeriphResetCmd) for RCC_APB1PeriphResetCmd
    stm32f10x_tim.o(i.TIM_ETRClockMode1Config) refers to stm32f10x_tim.o(i.TIM_ETRConfig) for TIM_ETRConfig
    stm32f10x_tim.o(i.TIM_ETRClockMode2Config) refers to stm32f10x_tim.o(i.TIM_ETRConfig) for TIM_ETRConfig
    stm32f10x_tim.o(i.TIM_ICInit) refers to stm32f10x_tim.o(i.TI1_Config) for TI1_Config
    stm32f10x_tim.o(i.TIM_ICInit) refers to stm32f10x_tim.o(i.TIM_SetIC1Prescaler) for TIM_SetIC1Prescaler
    stm32f10x_tim.o(i.TIM_ICInit) refers to stm32f10x_tim.o(i.TI2_Config) for TI2_Config
    stm32f10x_tim.o(i.TIM_ICInit) refers to stm32f10x_tim.o(i.TIM_SetIC2Prescaler) for TIM_SetIC2Prescaler
    stm32f10x_tim.o(i.TIM_ICInit) refers to stm32f10x_tim.o(i.TI3_Config) for TI3_Config
    stm32f10x_tim.o(i.TIM_ICInit) refers to stm32f10x_tim.o(i.TIM_SetIC3Prescaler) for TIM_SetIC3Prescaler
    stm32f10x_tim.o(i.TIM_ICInit) refers to stm32f10x_tim.o(i.TI4_Config) for TI4_Config
    stm32f10x_tim.o(i.TIM_ICInit) refers to stm32f10x_tim.o(i.TIM_SetIC4Prescaler) for TIM_SetIC4Prescaler
    stm32f10x_tim.o(i.TIM_ITRxExternalClockConfig) refers to stm32f10x_tim.o(i.TIM_SelectInputTrigger) for TIM_SelectInputTrigger
    stm32f10x_tim.o(i.TIM_PWMIConfig) refers to stm32f10x_tim.o(i.TI1_Config) for TI1_Config
[...]
    BusFault_Handler                         0x080216e9   Thumb Code     4  stm32f10x_it.o(i.BusFault_Handler)
    ByteSwap                                 0x080216ed   Thumb Code    12  usb_regs.o(i.ByteSwap)
    CONTROL                                  0x080216f9   Thumb Code   384  multirotor_control.o(i.CONTROL)
    CTR_LP                                   0x0802188d   Thumb Code   610  usb_int.o(i.CTR_LP)
    Calculate_Target                         0x08021b15   Thumb Code   458  multirotor_control.o(i.Calculate_Target)
    ClearDTOG_RX                             0x08021d19   Thumb Code    52  usb_regs.o(i.ClearDTOG_RX)
    ClearDTOG_TX                             0x08021d51   Thumb Code    52  usb_regs.o(i.ClearDTOG_TX)
    Clear_Status_Out                         0x08021d89   Thumb Code    36  usb_regs.o(i.Clear_Status_Out)
    DMA_Cmd                                  0x08021db1   Thumb Code    24  stm32f10x_dma.o(i.DMA_Cmd)
    DMA_DeInit                               0x08021dc9   Thumb Code   320  stm32f10x_dma.o(i.DMA_DeInit)
    DMA_Init                                 0x08021f19   Thumb Code    60  stm32f10x_dma.o(i.DMA_Init)
    Data_Parser                              0x080220d9   Thumb Code   344  algorithm_sqlite.o(i.Data_Parser)
    DebugMon_Handler                         0x080224c9   Thumb Code     2  stm32f10x_it.o(i.DebugMon_Handler)
    Degree                                   0x080224cd   Thumb Code    36  algorithm_math.o(i.Degree)
    Dis_Float                                0x080224f9   Thumb Code   450  oled.o(i.Dis_Float)
    EE_Init                                  0x08022755   Thumb Code    16  eeprom.o(i.EE_Init)
    EE_ReadVariable                          0x08022a1d   Thumb Code    90  eeprom.o(i.EE_ReadVariable)
    EE_SAVE_ACC_OFFSET                       0x08022a81   Thumb Code    46  algorithm_sqlite.o(i.EE_SAVE_ACC_OFFSET)
    EE_SAVE_Attitude_PID                     0x08022ab9   Thumb Code   280  algorithm_sqlite.o(i.EE_SAVE_Attitude_PID)
    EE_SAVE_MAG_OFFSET                       0x08022be5   Thumb Code    36  algorithm_sqlite.o(i.EE_SAVE_MAG_OFFSET)
    EE_WriteVariable                         0x08022c99   Thumb Code    36  eeprom.o(i.EE_WriteVariable)
    EP1_IN_Callback                          0x08022cbd   Thumb Code    72  usb_endp.o(i.EP1_IN_Callback)
    EP3_OUT_Callback                         0x08022d09   Thumb Code    32  usb_endp.o(i.EP3_OUT_Callback)
    FLASH_ErasePage                          0x08022d29   Thumb Code    72  stm32f10x_flash.o(i.FLASH_ErasePage)
    FLASH_GetBank1Status                     0x08022d75   Thumb Code    50  stm32f10x_flash.o(i.FLASH_GetBank1Status)
    FLASH_Lock                               0x08022dad   Thumb Code    14  stm32f10x_flash.o(i.FLASH_Lock)
    FLASH_ProgramHalfWord                    0x08022dc1   Thumb Code    60  stm32f10x_flash.o(i.FLASH_ProgramHalfWord)
    FLASH_Unlock                             0x08022e01   Thumb Code    12  stm32f10x_flash.o(i.FLASH_Unlock)
    FLASH_WaitForLastOperation               0x08022e19   Thumb Code    38  stm32f10x_flash.o(i.FLASH_WaitForLastOperation)
    FailSafeLEDAlarm                         0x08022e41   Thumb Code    82  led.o(i.FailSafeLEDAlarm)
    Filter_Hight                             0x08022e9d   Thumb Code   432  ultrasonic.o(i.Filter_Hight)
    Float2Byte                               0x080230ad   Thumb Code    28  multirotor_radio.o(i.Float2Byte)
    GPIO_Init                                0x080230c9   Thumb Code   274  stm32f10x_gpio.o(i.GPIO_Init)
    GPIO_PinRemapConfig                      0x080231dd   Thumb Code   138  stm32f10x_gpio.o(i.GPIO_PinRemapConfig)
    GPIO_ReadInputDataBit                    0x0802326d   Thumb Code    18  stm32f10x_gpio.o(i.GPIO_ReadInputDataBit)
    GPIO_ResetBits                           0x0802327f   Thumb Code     4  stm32f10x_gpio.o(i.GPIO_ResetBits)
    GPIO_SetBits                             0x08023283   Thumb Code     4  stm32f10x_gpio.o(i.GPIO_SetBits)
    GetEPRxAddr                              0x08023289   Thumb Code    26  usb_regs.o(i.GetEPRxAddr)
    GetEPRxCount                             0x080232ad   Thumb Code    28  usb_regs.o(i.GetEPRxCount)
    GetEPTxAddr                              0x080232d1   Thumb Code    22  usb_regs.o(i.GetEPTxAddr)
    Get_SerialNum                            0x080232f1   Thumb Code    48  usb_hw.o(i.Get_SerialNum)
    Gyro_Caloffest                           0x08023325   Thumb Code    40  mpu6050.o(i.Gyro_Caloffest)
    Gyro_OFFSET                              0x08023351   Thumb Code   288  mpu6050.o(i.Gyro_OFFSET)
    HMC5883lRead                             0x08023479   Thumb Code   360  hmc5883.o(i.HMC5883lRead)
    HardFault_Handler                        0x080235f1   Thumb Code     4  stm32f10x_it.o(i.HardFault_Handler)
    Hight_PwmOut                             0x080235f5   Thumb Code    54  ultrasonic.o(i.Hight_PwmOut)
    HtoEs_Attitude_Data_Generate             0x08023641   Thumb Code    98  multirotor_radio.o(i.HtoEs_Attitude_Data_Generate)
    HtoEs_Chart_Data_Generate                0x080236b1   Thumb Code   362  multirotor_radio.o(i.HtoEs_Chart_Data_Generate)
    HtoEs_GPS_Data_Generate                  0x0802386d   Thumb Code   268  multirotor_radio.o(i.HtoEs_GPS_Data_Generate)
    HtoEs_PID_Data_Generate                  0x080239ad   Thumb Code   464  multirotor_radio.o(i.HtoEs_PID_Data_Generate)
    HtoEs_RC_Data_Generate                   0x08023bc9   Thumb Code   190  multirotor_radio.o(i.HtoEs_RC_Data_Generate)
    I2C1_ER_IRQHandler                       0x08023c95   Thumb Code     8  hard_i2c.o(i.I2C1_ER_IRQHandler)
    I2C1_EV_IRQHandler                       0x08023c9d   Thumb Code     8  hard_i2c.o(i.I2C1_EV_IRQHandler)
    I2C2_ER_IRQHandler                       0x08023ca5   Thumb Code     8  hard_i2c.o(i.I2C2_ER_IRQHandler)
    I2C2_EV_IRQHandler                       0x08023cad   Thumb Code     8  hard_i2c.o(i.I2C2_EV_IRQHandler)
    I2C_Ack                                  0x08023cb5   Thumb Code    54  i2c.o(i.I2C_Ack)
    I2C_AcknowledgeConfig                    0x08023cf1   Thumb Code    24  stm32f10x_i2c.o(i.I2C_AcknowledgeConfig)
    I2C_Cmd                                  0x08023d09   Thumb Code    24  stm32f10x_i2c.o(i.I2C_Cmd)
    I2C_DeInit                               0x08023d21   Thumb Code    50  stm32f10x_i2c.o(i.I2C_DeInit)
    I2C_GenerateSTART                        0x08023d59   Thumb Code    24  stm32f10x_i2c.o(i.I2C_GenerateSTART)
    I2C_GenerateSTOP                         0x08023d71   Thumb Code    24  stm32f10x_i2c.o(i.I2C_GenerateSTOP)
    I2C_INIT                                 0x08023d89   Thumb Code    76  i2c.o(i.I2C_INIT)
    I2C_ITConfig                             0x08023dd9   Thumb Code    24  stm32f10x_i2c.o(i.I2C_ITConfig)
    I2C_Init                                 0x08023df1   Thumb Code   222  stm32f10x_i2c.o(i.I2C_Init)
    I2C_NoAck                                0x08023edd   Thumb Code    56  i2c.o(i.I2C_NoAck)
    I2C_RadeByte                             0x08023f19   Thumb Code    82  i2c.o(i.I2C_RadeByte)
    I2C_Read                                 0x08023f71   Thumb Code   100  i2c.o(i.I2C_Read)
    I2C_Send7bitAddress                      0x08023fd5   Thumb Code    18  stm32f10x_i2c.o(i.I2C_Send7bitAddress)
    I2C_SendByte                             0x08023fe9   Thumb Code    86  i2c.o(i.I2C_SendByte)
    I2C_Start                                0x08024045   Thumb Code    90  i2c.o(i.I2C_Start)
    I2C_Stop                                 0x080240a5   Thumb Code    56  i2c.o(i.I2C_Stop)
    I2C_StructInit                           0x080240e1   Thumb Code    30  stm32f10x_i2c.o(i.I2C_StructInit)
    I2C_WaitAck                              0x08024101   Thumb Code    86  i2c.o(i.I2C_WaitAck)
    I2C_delay                                0x0802415d   Thumb Code     4  i2c.o(i.I2C_delay)
    IIR_I_Filter                             0x08024161   Thumb Code   242  algorithm_filter.o(i.IIR_I_Filter)
    In0_Process                              0x08024255   Thumb Code    98  usb_core.o(i.In0_Process)
    InitBoard                                0x080242c5   Thumb Code    66  multirotor_app.o(i.InitBoard)
    InitCurrWrAddress                        0x08024309   Thumb Code    92  eeprom.o(i.InitCurrWrAddress)
    InitMPU6050                              0x0802436d   Thumb Code    72  mpu6050.o(i.InitMPU6050)
    Init_HMC5883L                            0x080243b5   Thumb Code    58  hmc5883.o(i.Init_HMC5883L)
    LEDReflash                               0x0802442d   Thumb Code    88  led.o(i.LEDReflash)
    LED_Fsm                                  0x0802448d   Thumb Code   182  led.o(i.LED_Fsm)
    LED_GPIO_Config                          0x0802454d   Thumb Code   100  led.o(i.LED_GPIO_Config)
    LED_SHOW                                 0x080245c1   Thumb Code   108  led.o(i.LED_SHOW)
    LPF_1st                                  0x08024631   Thumb Code    50  algorithm_filter.o(i.LPF_1st)
    MPU6050_Dataanl                          0x08024665   Thumb Code   376  mpu6050.o(i.MPU6050_Dataanl)
    MPU6050_Read                             0x080247f9   Thumb Code   148  mpu6050.o(i.MPU6050_Read)
    Mag_Calibration                          0x08024891   Thumb Code   598  hmc5883.o(i.Mag_Calibration)
    MemManage_Handler                        0x08024b19   Thumb Code     4  stm32f10x_it.o(i.MemManage_Handler)
    Motor_Conter                             0x08024b1d   Thumb Code   310  multirotor_control.o(i.Motor_Conter)
    NMI_Handler                              0x08024c65   Thumb Code     2  stm32f10x_it.o(i.NMI_Handler)
    NOP_Process                              0x08024c67   Thumb Code     2  usb_core.o(i.NOP_Process)
    NRF24L01_Check                           0x08024c69   Thumb Code    66  nrf24l01.o(i.NRF24L01_Check)
    NRF24L01_Init                            0x08024cb5   Thumb Code    26  nrf24l01.o(i.NRF24L01_Init)
    NRF24L01_Mode                            0x08024cd9   Thumb Code   236  nrf24l01.o(i.NRF24L01_Mode)
    NRF24L01_Read_Buf                        0x08024dd1   Thumb Code    64  nrf24l01.o(i.NRF24L01_Read_Buf)
    NRF24L01_Write_Buf                       0x08024e15   Thumb Code    64  nrf24l01.o(i.NRF24L01_Write_Buf)
    NRF24L01_Write_Reg                       0x08024e59   Thumb Code    44  nrf24l01.o(i.NRF24L01_Write_Reg)
    NVIC_Init                                0x08024e89   Thumb Code   118  misc.o(i.NVIC_Init)
    NVIC_PriorityGroupConfig                 0x08024f0d   Thumb Code    10  misc.o(i.NVIC_PriorityGroupConfig)
    Nvic_Init                                0x08025059   Thumb Code    72  time.o(i.Nvic_Init)
    OLED_4num                                0x080250a1   Thumb Code   134  oled.o(i.OLED_4num)
    OLED_DLY_ms                              0x08025127   Thumb Code    24  oled.o(i.OLED_DLY_ms)
    OLED_Fill                                0x0802513f   Thumb Code    58  oled.o(i.OLED_Fill)
    OLED_Init                                0x08025179   Thumb Code   274  oled.o(i.OLED_Init)
    OLED_Num                                 0x08025291   Thumb Code    60  oled.o(i.OLED_Num)
    OLED_P6x8Str                             0x080252d1   Thumb Code    96  oled.o(i.OLED_P6x8Str)
    OLED_Set_Pos                             0x08025335   Thumb Code    36  oled.o(i.OLED_Set_Pos)
    OLED_WR_Byte                             0x08025359   Thumb Code    92  oled.o(i.OLED_WR_Byte)
    OLED_WrCmd                               0x080253b9   Thumb Code    84  oled.o(i.OLED_WrCmd)
    OLED_WrDat                               0x08025411   Thumb Code    86  oled.o(i.OLED_WrDat)
    Out0_Process                             0x0802546d   Thumb Code    70  usb_core.o(i.Out0_Process)
    PMAToUserBufferCopy                      0x080254bd   Thumb Code    32  usb_mem.o(i.PMAToUserBufferCopy)
    PWM_IN_Config                            0x080254e1   Thumb Code   354  pwm_in.o(i.PWM_IN_Config)
    PWM_OUT_Config                           0x08025651   Thumb Code    44  moto.o(i.PWM_OUT_Config)
    PendSV_Handler                           0x08025681   Thumb Code     2  stm32f10x_it.o(i.PendSV_Handler)
    Post0_Process                            0x08025685   Thumb Code    56  usb_core.o(i.Post0_Process)
    Q_rsqrt                                  0x080256cd   Thumb Code    74  algorithm_math.o(i.Q_rsqrt)
    Quaternion_Normalize                     0x0802571d   Thumb Code   122  algorithm_quaternion.o(i.Quaternion_Normalize)
    Quaternion_RungeKutta                    0x08025797   Thumb Code   288  algorithm_quaternion.o(i.Quaternion_RungeKutta)
    Quaternion_ToAngE                        0x080258b9   Thumb Code   302  algorithm_quaternion.o(i.Quaternion_ToAngE)
    Quaternion_vectorGravity                 0x080259ed   Thumb Code   148  algorithm_quaternion.o(i.Quaternion_vectorGravity)
    RCC_ADCCLKConfig                         0x08025a81   Thumb Code    18  stm32f10x_rcc.o(i.RCC_ADCCLKConfig)
    RCC_AHBPeriphClockCmd                    0x08025a99   Thumb Code    26  stm32f10x_rcc.o(i.RCC_AHBPeriphClockCmd)
    RCC_APB1PeriphClockCmd                   0x08025ab9   Thumb Code    26  stm32f10x_rcc.o(i.RCC_APB1PeriphClockCmd)
    RCC_APB1PeriphResetCmd                   0x08025ad9   Thumb Code    26  stm32f10x_rcc.o(i.RCC_APB1PeriphResetCmd)
    RCC_APB2PeriphClockCmd                   0x08025af9   Thumb Code    26  stm32f10x_rcc.o(i.RCC_APB2PeriphClockCmd)
    RCC_APB2PeriphResetCmd                   0x08025b19   Thumb Code    26  stm32f10x_rcc.o(i.RCC_APB2PeriphResetCmd)
    RCC_GetClocksFreq                        0x08025b39   Thumb Code   192  stm32f10x_rcc.o(i.RCC_GetClocksFreq)
    RCC_USBCLKConfig                         0x08025c11   Thumb Code     6  stm32f10x_rcc.o(i.RCC_USBCLKConfig)
    RC_Data_Refine                           0x08025c1d   Thumb Code   330  multirotor_rc.o(i.RC_Data_Refine)
    RC_directive                             0x08025d81   Thumb Code    38  multirotor_rc.o(i.RC_directive)
    RDAU                                     0x08025db1   Thumb Code    14  multirotor_rc.o(i.RDAU)
    SOF_Callback                             0x08025dc5   Thumb Code    38  usb_endp.o(i.SOF_Callback)
    SPI3_Config                              0x08025df5   Thumb Code   226  spi.o(i.SPI3_Config)
    SPI3_ReadWriteByte                       0x08025ee9   Thumb Code    78  spi.o(i.SPI3_ReadWriteByte)
    SPI_Cmd                                  0x08025f3d   Thumb Code    24  stm32f10x_spi.o(i.SPI_Cmd)
    SPI_I2S_GetFlagStatus                    0x08025f55   Thumb Code    18  stm32f10x_spi.o(i.SPI_I2S_GetFlagStatus)
    SPI_I2S_ReceiveData                      0x08025f67   Thumb Code     6  stm32f10x_spi.o(i.SPI_I2S_ReceiveData)
    SPI_I2S_SendData                         0x08025f6d   Thumb Code     4  stm32f10x_spi.o(i.SPI_I2S_SendData)
    SPI_Init                                 0x08025f71   Thumb Code    60  stm32f10x_spi.o(i.SPI_Init)
    STMFLASH_Read                            0x08025fad   Thumb Code    34  stmflash.o(i.STMFLASH_Read)
    STMFLASH_ReadHalfWord                    0x08025fcf   Thumb Code     6  stmflash.o(i.STMFLASH_ReadHalfWord)
    STMFLASH_Write                           0x08025fd5   Thumb Code   222  stmflash.o(i.STMFLASH_Write)
    STMFLASH_Write_NoCheck                   0x080260bd   Thumb Code    38  stmflash.o(i.STMFLASH_Write_NoCheck)
    SVC_Handler                              0x080260e3   Thumb Code     2  stm32f10x_it.o(i.SVC_Handler)
    Screen_Update                            0x080260e5   Thumb Code   136  multirotor_app.o(i.Screen_Update)
    Sensor_Init                              0x08026175   Thumb Code   108  multirotor_app.o(i.Sensor_Init)
    SetBTABLE                                0x08026205   Thumb Code    12  usb_regs.o(i.SetBTABLE)
    SetDeviceAddress                         0x08026215   Thumb Code    70  usb_core.o(i.SetDeviceAddress)
    SetEPRxAddr                              0x08026269   Thumb Code    28  usb_regs.o(i.SetEPRxAddr)
    SetEPRxCount                             0x0802628d   Thumb Code    70  usb_regs.o(i.SetEPRxCount)
    SetEPRxStatus                            0x080262dd   Thumb Code    62  usb_regs.o(i.SetEPRxStatus)
    SetEPRxValid                             0x08026321   Thumb Code    48  usb_regs.o(i.SetEPRxValid)
    SetEPTxAddr                              0x08026355   Thumb Code    24  usb_regs.o(i.SetEPTxAddr)
    SetEPTxCount                             0x08026375   Thumb Code    22  usb_regs.o(i.SetEPTxCount)
    SetEPTxStatus                            0x08026395   Thumb Code    62  usb_regs.o(i.SetEPTxStatus)
    SetEPTxValid                             0x080263d9   Thumb Code    48  usb_regs.o(i.SetEPTxValid)
    SetEPType                                0x0802640d   Thumb Code    32  usb_regs.o(i.SetEPType)
    Setup0_Process                           0x08026501   Thumb Code   172  usb_core.o(i.Setup0_Process)
    Single_Read                              0x080265b9   Thumb Code    80  i2c.o(i.Single_Read)
    Single_Write                             0x08026609   Thumb Code    70  i2c.o(i.Single_Write)
    Standard_ClearFeature                    0x08026651   Thumb Code   346  usb_core.o(i.Standard_ClearFeature)
    Standard_GetConfiguration                0x080267c1   Thumb Code    34  usb_core.o(i.Standard_GetConfiguration)
    Standard_GetDescriptorData               0x080267ed   Thumb Code    32  usb_core.o(i.Standard_GetDescriptorData)
    Standard_GetInterface                    0x08026811   Thumb Code    34  usb_core.o(i.Standard_GetInterface)
    Standard_GetStatus                       0x0802683d   Thumb Code   238  usb_core.o(i.Standard_GetStatus)
    Standard_SetConfiguration                0x0802693d   Thumb Code    60  usb_core.o(i.Standard_SetConfiguration)
    Standard_SetDeviceFeature                0x08026985   Thumb Code    30  usb_core.o(i.Standard_SetDeviceFeature)
    Standard_SetEndPointFeature              0x080269ad   Thumb Code   196  usb_core.o(i.Standard_SetEndPointFeature)
    Standard_SetInterface                    0x08026a81   Thumb Code    96  usb_core.o(i.Standard_SetInterface)
    SystemInit                               0x08026aed   Thumb Code    78  system_stm32f10x.o(i.SystemInit)
    TIM2_IRQHandler                          0x08026d6d   Thumb Code     2  pwm_in.o(i.TIM2_IRQHandler)
    TIM3_IRQHandler                          0x08026d71   Thumb Code   280  pwm_in.o(i.TIM3_IRQHandler)
    TIM5_Config                              0x08026ec5   Thumb Code    76  time.o(i.TIM5_Config)
    TIM5_IRQHandler                          0x08026f15   Thumb Code   454  stm32f10x_it.o(i.TIM5_IRQHandler)
    TIM_ARRPreloadConfig                     0x08027109   Thumb Code    24  stm32f10x_tim.o(i.TIM_ARRPreloadConfig)
    TIM_ClearFlag                            0x08027121   Thumb Code     6  stm32f10x_tim.o(i.TIM_ClearFlag)
    TIM_ClearITPendingBit                    0x08027127   Thumb Code     6  stm32f10x_tim.o(i.TIM_ClearITPendingBit)
    TIM_Cmd                                  0x0802712d   Thumb Code    24  stm32f10x_tim.o(i.TIM_Cmd)
    TIM_DeInit                               0x08027145   Thumb Code   424  stm32f10x_tim.o(i.TIM_DeInit)
    TIM_GetCapture3                          0x0802732d   Thumb Code     6  stm32f10x_tim.o(i.TIM_GetCapture3)
    TIM_GetITStatus                          0x08027333   Thumb Code    34  stm32f10x_tim.o(i.TIM_GetITStatus)
    TIM_ICInit                               0x08027355   Thumb Code   150  stm32f10x_tim.o(i.TIM_ICInit)
    TIM_ITConfig                             0x08027401   Thumb Code    24  stm32f10x_tim.o(i.TIM_ITConfig)
    TIM_OC1Init                              0x08027419   Thumb Code   132  stm32f10x_tim.o(i.TIM_OC1Init)
    TIM_OC1PreloadConfig                     0x080274b1   Thumb Code    18  stm32f10x_tim.o(i.TIM_OC1PreloadConfig)
    TIM_OC2Init                              0x080274c5   Thumb Code   146  stm32f10x_tim.o(i.TIM_OC2Init)
    TIM_OC2PreloadConfig                     0x08027561   Thumb Code    22  stm32f10x_tim.o(i.TIM_OC2PreloadConfig)
    TIM_OC3Init                              0x08027579   Thumb Code   142  stm32f10x_tim.o(i.TIM_OC3Init)
    TIM_OC3PolarityConfig                    0x08027611   Thumb Code    22  stm32f10x_tim.o(i.TIM_OC3PolarityConfig)
    TIM_OC3PreloadConfig                     0x08027627   Thumb Code    18  stm32f10x_tim.o(i.TIM_OC3PreloadConfig)
    TIM_OC4Init                              0x08027639   Thumb Code   106  stm32f10x_tim.o(i.TIM_OC4Init)
    TIM_OC4PreloadConfig                     0x080276ad   Thumb Code    22  stm32f10x_tim.o(i.TIM_OC4PreloadConfig)
    TIM_SetIC1Prescaler                      0x080276c3   Thumb Code    18  stm32f10x_tim.o(i.TIM_SetIC1Prescaler)
    TIM_SetIC2Prescaler                      0x080276d5   Thumb Code    22  stm32f10x_tim.o(i.TIM_SetIC2Prescaler)
    TIM_SetIC3Prescaler                      0x080276eb   Thumb Code    18  stm32f10x_tim.o(i.TIM_SetIC3Prescaler)
    TIM_SetIC4Prescaler                      0x080276fd   Thumb Code    22  stm32f10x_tim.o(i.TIM_SetIC4Prescaler)
    TIM_TimeBaseInit                         0x08027715   Thumb Code   122  stm32f10x_tim.o(i.TIM_TimeBaseInit)
    Tim4_init                                0x080277b9   Thumb Code   154  moto.o(i.Tim4_init)
    Time_slice                               0x08027859   Thumb Code   118  multirotor_app.o(i.Time_slice)
    Time_slice_1                             0x080278d9   Thumb Code   190  multirotor_app.o(i.Time_slice_1)
    Time_slice_2                             0x080279a5   Thumb Code   156  multirotor_app.o(i.Time_slice_2)
    Time_slice_3                             0x08027a4d   Thumb Code   264  multirotor_app.o(i.Time_slice_3)
    USART1_Config                            0x08027b61   Thumb Code   126  usart.o(i.USART1_Config)
    USART_Cmd                                0x08027be9   Thumb Code    24  stm32f10x_usart.o(i.USART_Cmd)
    USART_ITConfig                           0x08027c01   Thumb Code    74  stm32f10x_usart.o(i.USART_ITConfig)
    USART_Init                               0x08027c4d   Thumb Code   210  stm32f10x_usart.o(i.USART_Init)
    USB_Init                                 0x08027d25   Thumb Code    36  usb_init.o(i.USB_Init)
    USB_LP_CAN1_RX0_IRQHandler               0x08027d61   Thumb Code     8  stm32f10x_it.o(i.USB_LP_CAN1_RX0_IRQHandler)
    USB_SIL_Init                             0x08027d69   Thumb Code    30  usb_sil.o(i.USB_SIL_Init)
    USB_SIL_Read                             0x08027d95   Thumb Code    46  usb_sil.o(i.USB_SIL_Read)
    Ultrasonic_Config                        0x08027dc5   Thumb Code    46  ultrasonic.o(i.Ultrasonic_Config)
    Ultrasonic_Pulsing                       0x08027df9   Thumb Code    26  ultrasonic.o(i.Ultrasonic_Pulsing)
    UsageFault_Handler                       0x08027e19   Thumb Code     4  stm32f10x_it.o(i.UsageFault_Handler)
    UsbCmdPro                                0x08027e1d   Thumb Code   120  multirotor_radio.o(i.UsbCmdPro)
    UserToPMABufferCopy                      0x08027ea5   Thumb Code    52  usb_mem.o(i.UserToPMABufferCopy)
    VariableParameter                        0x08027edd   Thumb Code    92  algorithm_math.o(i.VariableParameter)
    Virtual_Com_Port_Data_Setup              0x08027f49   Thumb Code    82  usb_prop.o(i.Virtual_Com_Port_Data_Setup)
    Virtual_Com_Port_GetConfigDescriptor     0x08027fad   Thumb Code    14  usb_prop.o(i.Virtual_Com_Port_GetConfigDescriptor)
    Virtual_Com_Port_GetDeviceDescriptor     0x08027fc1   Thumb Code    14  usb_prop.o(i.Virtual_Com_Port_GetDeviceDescriptor)
    Virtual_Com_Port_GetLineCoding           0x08027fd5   Thumb Code    20  usb_prop.o(i.Virtual_Com_Port_GetLineCoding)
    Virtual_Com_Port_GetStringDescriptor     0x08027ff1   Thumb Code    32  usb_prop.o(i.Virtual_Com_Port_GetStringDescriptor)
    Virtual_Com_Port_Get_Interface_Setting   0x08028019   Thumb Code    22  usb_prop.o(i.Virtual_Com_Port_Get_Interface_Setting)
    Virtual_Com_Port_NoData_Setup            0x08028031   Thumb Code    36  usb_prop.o(i.Virtual_Com_Port_NoData_Setup)
    Virtual_Com_Port_Reset                   0x08028059   Thumb Code   216  usb_prop.o(i.Virtual_Com_Port_Reset)
    Virtual_Com_Port_SetConfiguration        0x08028141   Thumb Code    14  usb_prop.o(i.Virtual_Com_Port_SetConfiguration)
    Virtual_Com_Port_SetDeviceAddress        0x08028159   Thumb Code     8  usb_prop.o(i.Virtual_Com_Port_SetDeviceAddress)
    Virtual_Com_Port_SetLineCoding           0x08028165   Thumb Code    20  usb_prop.o(i.Virtual_Com_Port_SetLineCoding)
    Virtual_Com_Port_Status_In               0x08028181   Thumb Code    16  usb_prop.o(i.Virtual_Com_Port_Status_In)
    Virtual_Com_Port_Status_Out              0x08028195   Thumb Code     2  usb_prop.o(i.Virtual_Com_Port_Status_Out)
    Virtual_Com_Port_init                    0x08028199   Thumb Code    32  usb_prop.o(i.Virtual_Com_Port_init)
    __ARM_fpclassify                         0x080281c5   Thumb Code    40  fpclassify.o(i.__ARM_fpclassify)
    __ARM_fpclassifyf                        0x080281ed   Thumb Code    38  fpclassifyf.o(i.__ARM_fpclassifyf)
    __EE_Init                                0x08028215   Thumb Code   488  eeprom.o(i.__EE_Init)
    __ieee754_rem_pio2                       0x08028411   Thumb Code   832  rred.o(i.__ieee754_rem_pio2)
    __kernel_cos                             0x08028799   Thumb Code   230  cos_i.o(i.__kernel_cos)
    __kernel_poly                            0x08028895   Thumb Code   170  poly.o(i.__kernel_poly)
    __kernel_sin                             0x08028941   Thumb Code   224  sin_i.o(i.__kernel_sin)
    __mathlib_dbl_underflow                  0x08028a2d   Thumb Code    10  dunder.o(i.__mathlib_dbl_underflow)
    __mathlib_flt_underflow                  0x08028a3d   Thumb Code    10  funder.o(i.__mathlib_flt_underflow)
    __scatterload_copy                       0x08028a47   Thumb Code    14  handlers.o(i.__scatterload_copy)
    __scatterload_null                       0x08028a55   Thumb Code     2  handlers.o(i.__scatterload_null)
    __scatterload_zeroinit                   0x08028a57   Thumb Code    14  handlers.o(i.__scatterload_zeroinit)
    __set_errno                              0x08028a6d   Thumb Code     6  errno.o(i.__set_errno)
    array_assign                             0x08028a79   Thumb Code    22  algorithm_math.o(i.array_assign)
    asinf                                    0x08028a91   Thumb Code   260  asinf.o(i.asinf)
    atan                                     0x08028bb9   Thumb Code   478  atan.o(i.atan)
    atan2                                    0x08028ddd   Thumb Code   346  atan2.o(i.atan2)
    atan2f                                   0x08028f5d   Thumb Code   520  atan2f.o(i.atan2f)
    bsp_InitUsb                              0x080291b1   Thumb Code   118  usb_hw.o(i.bsp_InitUsb)
    cos                                      0x08029231   Thumb Code   164  cos.o(i.cos)
    data_limit                               0x080292dd   Thumb Code    38  algorithm_math.o(i.data_limit)
    delay                                    0x08029303   Thumb Code    24  delay.o(i.delay)
    delay5ms                                 0x0802931b   Thumb Code    14  i2c.o(i.delay5ms)
    delay_init                               0x08029329   Thumb Code    56  delay.o(i.delay_init)
    delay_ms                                 0x08029369   Thumb Code    54  delay.o(i.delay_ms)
    delay_us                                 0x080293a5   Thumb Code    54  delay.o(i.delay_us)
    exeplay_write_appmask                    0x080293e1   Thumb Code    40  usb_hw.o(i.exeplay_write_appmask)
    i2cInit                                  0x08029415   Thumb Code   196  hard_i2c.o(i.i2cInit)
    loop                                     0x08029a69   Thumb Code    86  multirotor_app.o(i.loop)
    loop_1                                   0x08029ac9   Thumb Code   100  multirotor_app.o(i.loop_1)
    loop_2                                   0x08029b35   Thumb Code    74  multirotor_app.o(i.loop_2)
    loop_3                                   0x08029b85   Thumb Code    74  multirotor_app.o(i.loop_3)
    main                                     0x08029bd5   Thumb Code   206  main.o(i.main)
    mavlink                                  0x08029cb9   Thumb Code   154  multirotor_radio.o(i.mavlink)
    moto_PwmRflash                           0x08029d65   Thumb Code   112  moto.o(i.moto_PwmRflash)
    moto_STOP                                0x08029dd9   Thumb Code    30  moto.o(i.moto_STOP)
    paramLoad                                0x08029e01   Thumb Code   118  algorithm_sqlite.o(i.paramLoad)
    sin                                      0x08029e9d   Thumb Code   166  sin.o(i.sin)
    sqrtf                                    0x08029f4d   Thumb Code    44  sqrtf.o(i.sqrtf)
    usb_CableConfig                          0x08029f79   Thumb Code    30  usb_hw.o(i.usb_CableConfig)
    usb_GetRxByte                            0x08029f9d   Thumb Code    74  usb_hw.o(i.usb_GetRxByte)
    usb_GetTxWord                            0x08029fed   Thumb Code   110  usb_hw.o(i.usb_GetTxWord)
    usb_Istr                                 0x0802a065   Thumb Code   102  usb_istr.o(i.usb_Istr)
    usb_PowerOn                              0x0802a0e1   Thumb Code    64  usb_pwr.o(i.usb_PowerOn)
    usb_SaveHostDataToBuf                    0x0802a131   Thumb Code   206  usb_hw.o(i.usb_SaveHostDataToBuf)
    usb_SendDataToHost                       0x0802a215   Thumb Code    64  usb_hw.o(i.usb_SendDataToHost)
    Virtual_Com_Port_DeviceDescriptor        0x0802a25c   Data          18  usb_desc.o(.constdata)
    Virtual_Com_Port_ConfigDescriptor        0x0802a26e   Data          67  usb_desc.o(.constdata)
    Virtual_Com_Port_StringLangID            0x0802a2b1   Data           4  usb_desc.o(.constdata)
    Virtual_Com_Port_StringVendor            0x0802a2b5   Data          38  usb_desc.o(.constdata)
    Virtual_Com_Port_StringProduct           0x0802a2db   Data          50  usb_desc.o(.constdata)
    F6x8                                     0x0802a338   Data         552  oled.o(.constdata)
    F14x16_Idx                               0x0802a560   Data          31  oled.o(.constdata)
    F14x16                                   0x0802a57f   Data         420  oled.o(.constdata)
    F8X16                                    0x0802a723   Data        1520  oled.o(.constdata)
    __mathlib_zero                           0x0802ade0   Data           8  qnan.o(.constdata)
    Region$$Table$$Base                      0x0802aed8   Number         0  anon$$obj.o(Region$$Table)
    Region$$Table$$Limit                     0x0802aef8   Number         0  anon$$obj.o(Region$$Table)
    Data_Mul_MaxPacketSize                   0x20000014   Data           1  usb_core.o(.data)
    StatusInfo                               0x20000016   Data           2  usb_core.o(.data)
    EPindex                                  0x20000018   Data           1  usb_init.o(.data)
    pInformation                             0x2000001c   Data           4  usb_init.o(.data)
    pProperty                                0x20000020   Data           4  usb_init.o(.data)
    SaveState                                0x20000024   Data           2  usb_init.o(.data)
    wInterrupt_Mask                          0x20000026   Data           2  usb_init.o(.data)
    pUser_Standard_Requests                  0x20000028   Data           4  usb_init.o(.data)
    SaveRState                               0x2000002c   Data           2  usb_int.o(.data)
    SaveTState                               0x2000002e   Data           2  usb_int.o(.data)
    Virtual_Com_Port_StringSerial            0x20000030   Data          26  usb_desc.o(.data)
    bIntPackSOF                              0x20000050   Data           1  usb_istr.o(.data)
    pEpInt_IN                                0x20000054   Data          28  usb_istr.o(.data)
    pEpInt_OUT                               0x20000070   Data          28  usb_istr.o(.data)
    wIstr                                    0x2000008c   Data           2  usb_istr.o(.data)
    linecoding                               0x20000094   Data           8  usb_prop.o(.data)
    Device_Table                             0x2000009c   Data           2  usb_prop.o(.data)
    Device_Property                          0x200000a0   Data          48  usb_prop.o(.data)
    User_Standard_Requests                   0x200000d0   Data          36  usb_prop.o(.data)
    Device_Descriptor                        0x200000f4   Data           8  usb_prop.o(.data)
    Config_Descriptor                        0x200000fc   Data           8  usb_prop.o(.data)
    String_Descriptor                        0x20000104   Data          32  usb_prop.o(.data)
    bDeviceState                             0x20000124   Data           4  usb_pwr.o(.data)
    fSuspendEnabled                          0x20000128   Data           1  usb_pwr.o(.data)
    ResumeS                                  0x20000129   Data           2  usb_pwr.o(.data)
    LED                                      0x2000012c   Data           4  led.o(.data)
    LEDBuf                                   0x20000130   Data           1  led.o(.data)
    ADC_ConvertedValue                       0x20000132   Data           2  adc.o(.data)
    DataVar                                  0x20000138   Data           2  eeprom.o(.data)
    CurWrAddress                             0x2000013c   Data           4  eeprom.o(.data)
    RC_Pwm_In                                0x20000140   Data          16  pwm_in.o(.data)
    US100_Alt_Temp                           0x20000150   Data           2  pwm_in.o(.data)
    Alt_Last                                 0x20000152   Data           2  pwm_in.o(.data)
    Alt_CuntTmep1                            0x20000154   Data           4  pwm_in.o(.data)
    Alt_CuntTmep2                            0x20000158   Data           4  pwm_in.o(.data)
    Alt_V_CuntTmep1                          0x2000015c   Data           4  pwm_in.o(.data)
    Alt_V_CuntTmep2                          0x20000160   Data           4  pwm_in.o(.data)
    US100_Alt_Last                           0x20000164   Data           4  pwm_in.o(.data)
    mag_limt                                 0x20000194   Data           4  hmc5883.o(.data)
    TX_ADDRESS                               0x200001a8   Data           5  nrf24l01.o(.data)
    RX_ADDRESS                               0x200001ad   Data           5  nrf24l01.o(.data)
    g_Hight                                  0x200001b4   Data           4  ultrasonic.o(.data)
    g_HightOld                               0x200001b8   Data           4  ultrasonic.o(.data)
    g_Alt_Hight                              0x200001bc   Data           4  ultrasonic.o(.data)
    g_Alt_HightOld                           0x200001c0   Data           4  ultrasonic.o(.data)
    g_HightControl                           0x200001c4   Data           4  ultrasonic.o(.data)
    g_HightControlold                        0x200001c8   Data           4  ultrasonic.o(.data)
    g_HightPwm                               0x200001cc   Data           4  ultrasonic.o(.data)
    hight_increment                          0x200001d0   Data           4  ultrasonic.o(.data)
    g_hight_Kp                               0x200001d4   Data           4  ultrasonic.o(.data)
    g_hight_Ki                               0x200001d8   Data           4  ultrasonic.o(.data)
    g_hight_Kd                               0x200001dc   Data           4  ultrasonic.o(.data)
    hight_error                              0x200001e0   Data           4  ultrasonic.o(.data)
    hight_errorold                           0x200001e4   Data           4  ultrasonic.o(.data)
    US100_Alt                                0x200001e8   Data           4  ultrasonic.o(.data)
    US100_Alt_V                              0x200001ec   Data           4  ultrasonic.o(.data)
    RcvIndex                                 0x200001f0   Data           1  ultrasonic.o(.data)
    GLengthHigh                              0x200001f1   Data           1  ultrasonic.o(.data)
    GLengthLow                               0x200001f2   Data           1  ultrasonic.o(.data)
    hight_erroroldd                          0x200001f4   Data           4  ultrasonic.o(.data)
    cao                                      0x200001f8   Data           4  ultrasonic.o(.data)
    VirtAddVarTab                            0x200001fc   Data         150  algorithm_sqlite.o(.data)
    rcReadRawFunc                            0x20000294   Data           4  multirotor_rc.o(.data)
    Battery_Voltage                          0x200002a4   Data           4  multirotor_app.o(.data)
    flag1                                    0x200002a8   Data           6  multirotor_app.o(.data)
    flag2                                    0x200002ae   Data           6  multirotor_app.o(.data)
    flag3                                    0x200002b4   Data           8  multirotor_app.o(.data)
    b_IIR                                    0x200002c0   Data          40  multirotor_ahrs.o(.data)
    a_IIR                                    0x200002e8   Data          40  multirotor_ahrs.o(.data)
    NumQ                                     0x20000310   Data          16  multirotor_ahrs.o(.data)
    MAG                                      0x20000338   Data           6  multirotor_ahrs.o(.data)
    CH1_data                                 0x20000340   Data           4  multirotor_radio.o(.data)
    CH2_data                                 0x20000344   Data           4  multirotor_radio.o(.data)
    CH3_data                                 0x20000348   Data           4  multirotor_radio.o(.data)
    CH4_data                                 0x2000034c   Data           4  multirotor_radio.o(.data)
    CH5_data                                 0x20000350   Data           4  multirotor_radio.o(.data)
    CH6_data                                 0x20000354   Data           4  multirotor_radio.o(.data)
    CH7_data                                 0x20000358   Data           4  multirotor_radio.o(.data)
    CH8_data                                 0x2000035c   Data           4  multirotor_radio.o(.data)
    CH9_data                                 0x20000360   Data           4  multirotor_radio.o(.data)
    CH10_data                                0x20000364   Data           4  multirotor_radio.o(.data)
    CH11_data                                0x20000368   Data           4  multirotor_radio.o(.data)
    CH12_data                                0x2000036c   Data           4  multirotor_radio.o(.data)
    CH13_data                                0x20000370   Data           4  multirotor_radio.o(.data)
    CH14_data                                0x20000374   Data           4  multirotor_radio.o(.data)
    CH15_data                                0x20000378   Data           4  multirotor_radio.o(.data)
    fg                                       0x2000037c   Data           1  multirotor_radio.o(.data)
    i                                        0x20000384   Data           4  multirotor_radio.o(.data)
    F                                        0x20000388   Data           4  multirotor_radio.o(.data)
    sw                                       0x2000038c   Data           4  multirotor_radio.o(.data)
    CHK_SUM                                  0x20000390   Data           4  multirotor_radio.o(.data)
    Longitude_val                            0x20000394   Data           4  multirotor_radio.o(.data)
    Latitude_Val                             0x20000398   Data           4  multirotor_radio.o(.data)
    Altitude_Val                             0x2000039c   Data           4  multirotor_radio.o(.data)
    Dir_Val                                  0x200003a0   Data           4  multirotor_radio.o(.data)
    SPD_Val                                  0x200003a4   Data           4  multirotor_radio.o(.data)
    Satellite_Val                            0x200003a8   Data           1  multirotor_radio.o(.data)
    Voltage_Val                              0x200003ac   Data           4  multirotor_radio.o(.data)
    Temperture_Val                           0x200003b0   Data           4  multirotor_radio.o(.data)
    Longitude_WE                             0x200003b4   Data           1  multirotor_radio.o(.data)
    Latitude_NS                              0x200003b5   Data           1  multirotor_radio.o(.data)
    Location_Sta                             0x200003b6   Data           1  multirotor_radio.o(.data)
    Pitch_PID_P                              0x200003b8   Data           4  multirotor_radio.o(.data)
    Pitch_PID_I                              0x200003bc   Data           4  multirotor_radio.o(.data)
    Pitch_PID_D                              0x200003c0   Data           4  multirotor_radio.o(.data)
    Roll_PID_P                               0x200003c4   Data           4  multirotor_radio.o(.data)
    Roll_PID_I                               0x200003c8   Data           4  multirotor_radio.o(.data)
    Roll_PID_D                               0x200003cc   Data           4  multirotor_radio.o(.data)
    Yaw_PID_P                                0x200003d0   Data           4  multirotor_radio.o(.data)
    Yaw_PID_I                                0x200003d4   Data           4  multirotor_radio.o(.data)
    Yaw_PID_D                                0x200003d8   Data           4  multirotor_radio.o(.data)
    Alt_PID_P                                0x200003dc   Data           4  multirotor_radio.o(.data)
    Alt_PID_I                                0x200003e0   Data           4  multirotor_radio.o(.data)
    Alt_PID_D                                0x200003e4   Data           4  multirotor_radio.o(.data)
    Pos_PID_P                                0x200003e8   Data           4  multirotor_radio.o(.data)
    Pos_PID_I                                0x200003ec   Data           4  multirotor_radio.o(.data)
    Pos_PID_D                                0x200003f0   Data           4  multirotor_radio.o(.data)
    motor_array                              0x200003f4   Data           4  multirotor_control.o(.data)
    Moto_duty                                0x200003fa   Data           8  multirotor_control.o(.data)
    mark                                     0x20000402   Data           4  main.o(.data)
    Mark_forward                             0x20000406   Data           1  stm32f10x_it.o(.data)
    Mark_forward_1                           0x20000407   Data           1  stm32f10x_it.o(.data)
    Mark_forward_2                           0x20000408   Data           1  stm32f10x_it.o(.data)
    Device_Info                              0x20000410   Data          28  usb_init.o(.bss)
    g_tUsbFifo                               0x2000042c   Data        4106  usb_hw.o(.bss)
    Rise                                     0x20001436   Data          14  pwm_in.o(.bss)
    Drop                                     0x20001444   Data          14  pwm_in.o(.bss)
    RC_Pwm_In_his                            0x20001452   Data          16  pwm_in.o(.bss)
    STMFLASH_BUF                             0x20001462   Data        2048  stmflash.o(.bss)
    mpu6050_buffer                           0x20001c64   Data          14  mpu6050.o(.bss)
    sensor                                   0x20001c74   Data         104  mpu6050.o(.bss)
    HMC58X3_limit                            0x20001cdc   Data          12  hmc5883.o(.bss)
    RC_Data                                  0x20001d30   Data          22  multirotor_rc.o(.bss)
    flag                                     0x20001d74   Data          14  multirotor_app.o(.bss)
    InPut_IIR                                0x20001d88   Data         120  multirotor_ahrs.o(.bss)
    OutPut_IIR                               0x20001e00   Data         120  multirotor_ahrs.o(.bss)
    AngE                                     0x20001e78   Data          12  multirotor_ahrs.o(.bss)
    HtoEs_OutPut_Buffer                      0x20001e84   Data          63  multirotor_radio.o(.bss)
    ctrl                                     0x20001f04   Data         220  multirotor_control.o(.bss)
    Target                                   0x20001fe0   Data          16  multirotor_control.o(.bss)
    __initial_sp                             0x20003ff0   Data           0  startup_stm32f10x_hd.o(STACK)



==============================================================================

Memory Map of the image

  Image Entry point : 0x08020131

  Load Region LR_IROM1 (Base: 0x08020000, Size: 0x0000b308, Max: 0x00080000, ABSOLUTE, COMPRESSED[0x0000b064])

    Execution Region ER_IROM1 (Base: 0x08020000, Size: 0x0000aef8, Max: 0x00080000, ABSOLUTE)

    Base Addr    Size         Type   Attr      Idx    E Section Name        Object

    0x08020000   0x00000130   Data   RO          132    RESET               startup_stm32f10x_hd.o
    0x08020130   0x00000000   Code   RO         5082  * .ARM.Collect$$$$00000000  mc_w.l(entry.o)
    0x08020130   0x00000004   Code   RO         5163    .ARM.Collect$$$$00000001  mc_w.l(entry2.o)
    0x08020134   0x00000004   Code   RO         5166    .ARM.Collect$$$$00000004  mc_w.l(entry5.o)
    0x08020138   0x00000000   Code   RO         5168    .ARM.Collect$$$$00000008  mc_w.l(entry7b.o)
    0x08020138   0x00000000   Code   RO         5170    .ARM.Collect$$$$0000000A  mc_w.l(entry8b.o)
    0x08020138   0x00000008   Code   RO         5171    .ARM.Collect$$$$0000000B  mc_w.l(entry9a.o)
    0x08020140   0x00000000   Code   RO         5173    .ARM.Collect$$$$0000000D  mc_w.l(entry10a.o)
    0x08020140   0x00000000   Code   RO         5175    .ARM.Collect$$$$0000000F  mc_w.l(entry11a.o)
    0x08020140   0x00000004   Code   RO         5164    .ARM.Collect$$$$00002712  mc_w.l(entry2.o)
    0x08020144   0x00000024   Code   RO          133    .text               startup_stm32f10x_hd.o
    0x08020168   0x000000b0   Code   RO         5085    .text               mf_w.l(fadd.o)
    0x08020218   0x0000006c   Code   RO         5087    .text               mf_w.l(fmul.o)
    0x08020284   0x00000080   Code   RO         5089    .text               mf_w.l(fdiv.o)
    0x08020304   0x0000014e   Code   RO         5091    .text               mf_w.l(dadd.o)
    0x08020452   0x000000e4   Code   RO         5093    .text               mf_w.l(dmul.o)
    0x08020536   0x000000de   Code   RO         5095    .text               mf_w.l(ddiv.o)
    0x08020614   0x00000012   Code   RO         5097    .text               mf_w.l(fflti.o)
    0x08020626   0x0000000a   Code   RO         5099    .text               mf_w.l(ffltui.o)
    0x08020630   0x00000022   Code   RO         5101    .text               mf_w.l(dflti.o)
    0x08020652   0x0000001a   Code   RO         5103    .text               mf_w.l(dfltui.o)
    0x0802066c   0x00000032   Code   RO         5105    .text               mf_w.l(ffixi.o)
    0x0802069e   0x00000028   Code   RO         5107    .text               mf_w.l(ffixui.o)
    0x080206c6   0x0000003e   Code   RO         5109    .text               mf_w.l(dfixi.o)
    0x08020704   0x00000032   Code   RO         5111    .text               mf_w.l(dfixui.o)
    0x08020736   0x00000026   Code   RO         5113    .text               mf_w.l(f2d.o)
    0x0802075c   0x00000028   Code   RO         5115    .text               mf_w.l(cdcmple.o)
    0x08020784   0x00000038   Code   RO         5117    .text               mf_w.l(d2f.o)
    0x080207bc   0x00000014   Code   RO         5119    .text               mf_w.l(cfcmple.o)
    0x080207d0   0x00000014   Code   RO         5121    .text               mf_w.l(cfrcmple.o)
    0x080207e4   0x0000001e   Code   RO         5177    .text               mc_w.l(llshl.o)
    0x08020802   0x00000020   Code   RO         5179    .text               mc_w.l(llushr.o)
    0x08020822   0x00000024   Code   RO         5181    .text               mc_w.l(llsshr.o)
    0x08020846   0x00000000   Code   RO         5190    .text               mc_w.l(iusefp.o)
    0x08020846   0x0000006c   Code   RO         5191    .text               mf_w.l(fepilogue.o)
    0x080208b2   0x00000018   Code   RO         5193    .text               mf_w.l(fscalb.o)
    0x080208ca   0x000000be   Code   RO         5197    .text               mf_w.l(depilogue.o)
    0x08020988   0x0000002e   Code   RO         5199    .text               mf_w.l(dscalb.o)
    0x080209b6   0x00000002   PAD
    0x080209b8   0x00000024   Code   RO         5207    .text               mc_w.l(init.o)
    0x080209dc   0x0000005e   Code   RO         5209    .text               mf_w.l(fsqrt.o)
    0x08020a3a   0x0000005c   Code   RO         5219    .text               mc_w.l(__dczerorl2.o)
    0x08020a96   0x00000002   PAD
    0x08020a98   0x00000038   Code   RO         3601    i.ADC1_GPIO_Config  adc.o
    0x08020ad0   0x0000000c   Code   RO         3602    i.ADC1_Init         adc.o
    0x08020adc   0x000000e0   Code   RO         3603    i.ADC1_Mode_Config  adc.o
    0x08020bbc   0x00000016   Code   RO         1489    i.ADC_Cmd           stm32f10x_adc.o
    0x08020bd2   0x00000016   Code   RO         1490    i.ADC_DMACmd        stm32f10x_adc.o
    0x08020be8   0x00000016   Code   RO         1494    i.ADC_ExternalTrigConvCmd  stm32f10x_adc.o
    0x08020bfe   0x00000014   Code   RO         1497    i.ADC_GetCalibrationStatus  stm32f10x_adc.o
    0x08020c12   0x00000014   Code   RO         1503    i.ADC_GetResetCalibrationStatus  stm32f10x_adc.o
    0x08020c26   0x00000002   PAD
    0x08020c28   0x00000050   Code   RO         1507    i.ADC_Init          stm32f10x_adc.o
    0x08020c78   0x000000b8   Code   RO         1511    i.ADC_RegularChannelConfig  stm32f10x_adc.o
    0x08020d30   0x0000000a   Code   RO         1512    i.ADC_ResetCalibration  stm32f10x_adc.o
    0x08020d3a   0x00000016   Code   RO         1514    i.ADC_SoftwareStartConvCmd  stm32f10x_adc.o
    0x08020d50   0x0000000a   Code   RO         1516    i.ADC_StartCalibration  stm32f10x_adc.o
    0x08020d5a   0x00000002   PAD
    0x08020d5c   0x000002b0   Code   RO         4800    i.AHRS_GetQ         multirotor_ahrs.o
    0x0802100c   0x00000284   Code   RO         4801    i.AHRS_Geteuler     multirotor_ahrs.o
    0x08021290   0x00000124   Code   RO         4802    i.AHRS_getValues    multirotor_ahrs.o
    0x080213b4   0x000002f4   Code   RO         4892    i.Attitude_RatePID  multirotor_control.o
    0x080216a8   0x00000040   Code   RO         4714    i.Bootloader_Set    multirotor_app.o
    0x080216e8   0x00000004   Code   RO         4954    i.BusFault_Handler  stm32f10x_it.o
    0x080216ec   0x0000000c   Code   RO         2387    i.ByteSwap          usb_regs.o
    0x080216f8   0x00000194   Code   RO         4893    i.CONTROL           multirotor_control.o
    0x0802188c   0x00000288   Code   RO         2340    i.CTR_LP            usb_int.o
    0x08021b14   0x00000204   Code   RO         4894    i.Calculate_Target  multirotor_control.o
    0x08021d18   0x00000038   Code   RO         2388    i.ClearDTOG_RX      usb_regs.o
    0x08021d50   0x00000038   Code   RO         2389    i.ClearDTOG_TX      usb_regs.o
    0x08021d88   0x00000028   Code   RO         2394    i.Clear_Status_Out  usb_regs.o
    0x08021db0   0x00000018   Code   RO         1707    i.DMA_Cmd           stm32f10x_dma.o
    0x08021dc8   0x00000150   Code   RO         1708    i.DMA_DeInit        stm32f10x_dma.o
    0x08021f18   0x0000003c   Code   RO         1713    i.DMA_Init          stm32f10x_dma.o
    0x08021f54   0x000000c4   Code   RO         2164    i.DataStageIn       usb_core.o
    0x08022018   0x000000c0   Code   RO         2165    i.DataStageOut      usb_core.o
    0x080220d8   0x00000164   Code   RO         4586    i.Data_Parser       algorithm_sqlite.o
    0x0802223c   0x0000028c   Code   RO         2166    i.Data_Setup0       usb_core.o
    0x080224c8   0x00000002   Code   RO         4955    i.DebugMon_Handler  stm32f10x_it.o
    0x080224ca   0x00000002   PAD
    0x080224cc   0x0000002c   Code   RO         4538    i.Degree            algorithm_math.o
    0x080224f8   0x000001c8   Code   RO         4026    i.Dis_Float         oled.o
    0x080226c0   0x00000058   Code   RO         3778    i.EE_FindValidPage  eeprom.o
    0x08022718   0x0000003c   Code   RO         3779    i.EE_Format         eeprom.o
    0x08022754   0x00000010   Code   RO         3780    i.EE_Init           eeprom.o
    0x08022764   0x000000f4   Code   RO         3781    i.EE_PageTransfer   eeprom.o
    0x08022858   0x00000030   Code   RO         4587    i.EE_READ_ACC_OFFSET  algorithm_sqlite.o
    0x08022888   0x00000140   Code   RO         4588    i.EE_READ_Attitude_PID  algorithm_sqlite.o
    0x080229c8   0x00000054   Code   RO         4589    i.EE_READ_MAG_OFFSET  algorithm_sqlite.o
    0x08022a1c   0x00000064   Code   RO         3782    i.EE_ReadVariable   eeprom.o
    0x08022a80   0x00000038   Code   RO         4590    i.EE_SAVE_ACC_OFFSET  algorithm_sqlite.o
    0x08022ab8   0x0000012c   Code   RO         4591    i.EE_SAVE_Attitude_PID  algorithm_sqlite.o
    0x08022be4   0x0000002c   Code   RO         4592    i.EE_SAVE_MAG_OFFSET  algorithm_sqlite.o
    0x08022c10   0x00000088   Code   RO         3783    i.EE_VerifyPageFullWriteVariable  eeprom.o
    0x08022c98   0x00000024   Code   RO         3784    i.EE_WriteVariable  eeprom.o
    0x08022cbc   0x0000004c   Code   RO         2787    i.EP1_IN_Callback   usb_endp.o
    0x08022d08   0x00000020   Code   RO         2788    i.EP3_OUT_Callback  usb_endp.o
    0x08022d28   0x0000004c   Code   RO         1782    i.FLASH_ErasePage   stm32f10x_flash.o
    0x08022d74   0x00000038   Code   RO         1783    i.FLASH_GetBank1Status  stm32f10x_flash.o
    0x08022dac   0x00000014   Code   RO         1792    i.FLASH_Lock        stm32f10x_flash.o
    0x08022dc0   0x00000040   Code   RO         1795    i.FLASH_ProgramHalfWord  stm32f10x_flash.o
    0x08022e00   0x00000018   Code   RO         1800    i.FLASH_Unlock      stm32f10x_flash.o
    0x08022e18   0x00000026   Code   RO         1804    i.FLASH_WaitForLastOperation  stm32f10x_flash.o
    0x08022e3e   0x00000002   PAD
    0x08022e40   0x0000005c   Code   RO         3333    i.FailSafeLEDAlarm  led.o
    0x08022e9c   0x00000210   Code   RO         4478    i.Filter_Hight      ultrasonic.o
    0x080230ac   0x0000001c   Code   RO         4834    i.Float2Byte        multirotor_radio.o
    0x080230c8   0x00000112   Code   RO          563    i.GPIO_Init         stm32f10x_gpio.o
    0x080231da   0x00000002   PAD
    0x080231dc   0x00000090   Code   RO          565    i.GPIO_PinRemapConfig  stm32f10x_gpio.o
    0x0802326c   0x00000012   Code   RO          567    i.GPIO_ReadInputDataBit  stm32f10x_gpio.o
    0x0802327e   0x00000004   Code   RO          570    i.GPIO_ResetBits    stm32f10x_gpio.o
    0x08023282   0x00000004   Code   RO          571    i.GPIO_SetBits      stm32f10x_gpio.o
    0x08023286   0x00000002   PAD
    0x08023288   0x00000024   Code   RO         2406    i.GetEPRxAddr       usb_regs.o
    0x080232ac   0x00000024   Code   RO         2407    i.GetEPRxCount      usb_regs.o
    0x080232d0   0x00000020   Code   RO         2409    i.GetEPTxAddr       usb_regs.o
    0x080232f0   0x00000034   Code   RO         2828    i.Get_SerialNum     usb_hw.o
    0x08023324   0x0000002c   Code   RO         4301    i.Gyro_Caloffest    mpu6050.o
    0x08023350   0x00000128   Code   RO         4302    i.Gyro_OFFSET       mpu6050.o
    0x08023478   0x00000178   Code   RO         4344    i.HMC5883lRead      hmc5883.o
    0x080235f0   0x00000004   Code   RO         4956    i.HardFault_Handler  stm32f10x_it.o
    0x080235f4   0x0000004c   Code   RO         4479    i.Hight_PwmOut      ultrasonic.o
    0x08023640   0x00000070   Code   RO         4835    i.HtoEs_Attitude_Data_Generate  multirotor_radio.o
    0x080236b0   0x000001bc   Code   RO         4836    i.HtoEs_Chart_Data_Generate  multirotor_radio.o
    0x0802386c   0x00000140   Code   RO         4837    i.HtoEs_GPS_Data_Generate  multirotor_radio.o
    0x080239ac   0x0000021c   Code   RO         4838    i.HtoEs_PID_Data_Generate  multirotor_radio.o
    0x08023bc8   0x000000cc   Code   RO         4839    i.HtoEs_RC_Data_Generate  multirotor_radio.o
    0x08023c94   0x00000008   Code   RO         3872    i.I2C1_ER_IRQHandler  hard_i2c.o
    0x08023c9c   0x00000008   Code   RO         3873    i.I2C1_EV_IRQHandler  hard_i2c.o
    0x08023ca4   0x00000008   Code   RO         3874    i.I2C2_ER_IRQHandler  hard_i2c.o
    0x08023cac   0x00000008   Code   RO         3875    i.I2C2_EV_IRQHandler  hard_i2c.o
    0x08023cb4   0x0000003c   Code   RO         3509    i.I2C_Ack           i2c.o
    0x08023cf0   0x00000018   Code   RO         1952    i.I2C_AcknowledgeConfig  stm32f10x_i2c.o
    0x08023d08   0x00000018   Code   RO         1957    i.I2C_Cmd           stm32f10x_i2c.o
    0x08023d20   0x00000038   Code   RO         1960    i.I2C_DeInit        stm32f10x_i2c.o
    0x08023d58   0x00000018   Code   RO         1964    i.I2C_GenerateSTART  stm32f10x_i2c.o
    0x08023d70   0x00000018   Code   RO         1965    i.I2C_GenerateSTOP  stm32f10x_i2c.o
    0x08023d88   0x00000050   Code   RO         3510    i.I2C_INIT          i2c.o
    0x08023dd8   0x00000018   Code   RO         1970    i.I2C_ITConfig      stm32f10x_i2c.o
    0x08023df0   0x000000ec   Code   RO         1971    i.I2C_Init          stm32f10x_i2c.o
    0x08023edc   0x0000003c   Code   RO         3511    i.I2C_NoAck         i2c.o
    0x08023f18   0x00000058   Code   RO         3512    i.I2C_RadeByte      i2c.o
    0x08023f70   0x00000064   Code   RO         3513    i.I2C_Read          i2c.o
    0x08023fd4   0x00000012   Code   RO         1978    i.I2C_Send7bitAddress  stm32f10x_i2c.o
    0x08023fe6   0x00000002   PAD
    0x08023fe8   0x0000005c   Code   RO         3514    i.I2C_SendByte      i2c.o
    0x08024044   0x00000060   Code   RO         3515    i.I2C_Start         i2c.o
    0x080240a4   0x0000003c   Code   RO         3516    i.I2C_Stop          i2c.o
    0x080240e0   0x0000001e   Code   RO         1982    i.I2C_StructInit    stm32f10x_i2c.o
    0x080240fe   0x00000002   PAD
    0x08024100   0x0000005c   Code   RO         3517    i.I2C_WaitAck       i2c.o
    0x0802415c   0x00000004   Code   RO         3518    i.I2C_delay         i2c.o
    0x08024160   0x000000f2   Code   RO         4514    i.IIR_I_Filter      algorithm_filter.o
    0x08024252   0x00000002   PAD
    0x08024254   0x00000070   Code   RO         2167    i.In0_Process       usb_core.o
    0x080242c4   0x00000042   Code   RO         4715    i.InitBoard         multirotor_app.o
    0x08024306   0x00000002   PAD
    0x08024308   0x00000064   Code   RO         3785    i.InitCurrWrAddress  eeprom.o
    0x0802436c   0x00000048   Code   RO         4303    i.InitMPU6050       mpu6050.o
    0x080243b4   0x0000003a   Code   RO         4345    i.Init_HMC5883L     hmc5883.o
    0x080243ee   0x0000003e   Code   RO         2829    i.IntToUnicode      usb_hw.o
    0x0802442c   0x00000060   Code   RO         3334    i.LEDReflash        led.o
    0x0802448c   0x000000c0   Code   RO         3335    i.LED_Fsm           led.o
    0x0802454c   0x00000074   Code   RO         3336    i.LED_GPIO_Config   led.o
    0x080245c0   0x00000070   Code   RO         3337    i.LED_SHOW          led.o
    0x08024630   0x00000032   Code   RO         4516    i.LPF_1st           algorithm_filter.o
    0x08024662   0x00000002   PAD
    0x08024664   0x00000194   Code   RO         4304    i.MPU6050_Dataanl   mpu6050.o
    0x080247f8   0x00000098   Code   RO         4305    i.MPU6050_Read      mpu6050.o
    0x08024890   0x00000288   Code   RO         4346    i.Mag_Calibration   hmc5883.o
    0x08024b18   0x00000004   Code   RO         4957    i.MemManage_Handler  stm32f10x_it.o
    0x08024b1c   0x00000148   Code   RO         4895    i.Motor_Conter      multirotor_control.o
    0x08024c64   0x00000002   Code   RO         4958    i.NMI_Handler       stm32f10x_it.o
    0x08024c66   0x00000002   Code   RO         2168    i.NOP_Process       usb_core.o
    0x08024c68   0x0000004c   Code   RO         4375    i.NRF24L01_Check    nrf24l01.o
    0x08024cb4   0x00000024   Code   RO         4376    i.NRF24L01_Init     nrf24l01.o
    0x08024cd8   0x000000f8   Code   RO         4377    i.NRF24L01_Mode     nrf24l01.o
    0x08024dd0   0x00000044   Code   RO         4378    i.NRF24L01_Read_Buf  nrf24l01.o
    0x08024e14   0x00000044   Code   RO         4382    i.NRF24L01_Write_Buf  nrf24l01.o
    0x08024e58   0x00000030   Code   RO         4383    i.NRF24L01_Write_Reg  nrf24l01.o
    0x08024e88   0x00000084   Code   RO          341    i.NVIC_Init         misc.o
    0x08024f0c   0x00000014   Code   RO          342    i.NVIC_PriorityGroupConfig  misc.o
    0x08024f20   0x00000138   Code   RO         2169    i.NoData_Setup0     usb_core.o
    0x08025058   0x00000048   Code   RO         3629    i.Nvic_Init         time.o
    0x080250a0   0x00000086   Code   RO         4031    i.OLED_4num         oled.o
    0x08025126   0x00000018   Code   RO         4033    i.OLED_DLY_ms       oled.o
    0x0802513e   0x0000003a   Code   RO         4034    i.OLED_Fill         oled.o
    0x08025178   0x00000118   Code   RO         4035    i.OLED_Init         oled.o
    0x08025290   0x00000040   Code   RO         4036    i.OLED_Num          oled.o
    0x080252d0   0x00000064   Code   RO         4040    i.OLED_P6x8Str      oled.o
    0x08025334   0x00000024   Code   RO         4044    i.OLED_Set_Pos      oled.o
    0x08025358   0x00000060   Code   RO         4045    i.OLED_WR_Byte      oled.o
    0x080253b8   0x00000058   Code   RO         4046    i.OLED_WrCmd        oled.o
    0x08025410   0x0000005c   Code   RO         4047    i.OLED_WrDat        oled.o
    0x0802546c   0x00000050   Code   RO         2170    i.Out0_Process      usb_core.o
    0x080254bc   0x00000024   Code   RO         2369    i.PMAToUserBufferCopy  usb_mem.o
    0x080254e0   0x00000170   Code   RO         3841    i.PWM_IN_Config     pwm_in.o
    0x08025650   0x00000030   Code   RO         3650    i.PWM_OUT_Config    moto.o
    0x08025680   0x00000002   Code   RO         4959    i.PendSV_Handler    stm32f10x_it.o
    0x08025682   0x00000002   PAD
    0x08025684   0x00000048   Code   RO         2171    i.Post0_Process     usb_core.o
    0x080256cc   0x00000050   Code   RO         4539    i.Q_rsqrt           algorithm_math.o
    0x0802571c   0x0000007a   Code   RO         4641    i.Quaternion_Normalize  algorithm_quaternion.o
    0x08025796   0x00000120   Code   RO         4642    i.Quaternion_RungeKutta  algorithm_quaternion.o
    0x080258b6   0x00000002   PAD
    0x080258b8   0x00000134   Code   RO         4643    i.Quaternion_ToAngE  algorithm_quaternion.o
    0x080259ec   0x00000094   Code   RO         4645    i.Quaternion_vectorGravity  algorithm_quaternion.o
    0x08025a80   0x00000018   Code   RO          137    i.RCC_ADCCLKConfig  stm32f10x_rcc.o
    0x08025a98   0x00000020   Code   RO          138    i.RCC_AHBPeriphClockCmd  stm32f10x_rcc.o
    0x08025ab8   0x00000020   Code   RO          139    i.RCC_APB1PeriphClockCmd  stm32f10x_rcc.o
    0x08025ad8   0x00000020   Code   RO          140    i.RCC_APB1PeriphResetCmd  stm32f10x_rcc.o
    0x08025af8   0x00000020   Code   RO          141    i.RCC_APB2PeriphClockCmd  stm32f10x_rcc.o
    0x08025b18   0x00000020   Code   RO          142    i.RCC_APB2PeriphResetCmd  stm32f10x_rcc.o
    0x08025b38   0x000000d8   Code   RO          149    i.RCC_GetClocksFreq  stm32f10x_rcc.o
    0x08025c10   0x0000000c   Code   RO          167    i.RCC_USBCLKConfig  stm32f10x_rcc.o
    0x08025c1c   0x00000164   Code   RO         4682    i.RC_Data_Refine    multirotor_rc.o
    0x08025d80   0x00000030   Code   RO         4683    i.RC_directive      multirotor_rc.o
    0x08025db0   0x00000014   Code   RO         4684    i.RDAU              multirotor_rc.o
    0x08025dc4   0x00000030   Code   RO         2789    i.SOF_Callback      usb_endp.o
    0x08025df4   0x000000f4   Code   RO         3481    i.SPI3_Config       spi.o
    0x08025ee8   0x00000054   Code   RO         3482    i.SPI3_ReadWriteByte  spi.o
    0x08025f3c   0x00000018   Code   RO          796    i.SPI_Cmd           stm32f10x_spi.o
    0x08025f54   0x00000012   Code   RO          804    i.SPI_I2S_GetFlagStatus  stm32f10x_spi.o
    0x08025f66   0x00000006   Code   RO          807    i.SPI_I2S_ReceiveData  stm32f10x_spi.o
    0x08025f6c   0x00000004   Code   RO          808    i.SPI_I2S_SendData  stm32f10x_spi.o
    0x08025f70   0x0000003c   Code   RO          809    i.SPI_Init          stm32f10x_spi.o
    0x08025fac   0x00000022   Code   RO         3964    i.STMFLASH_Read     stmflash.o
    0x08025fce   0x00000006   Code   RO         3965    i.STMFLASH_ReadHalfWord  stmflash.o
    0x08025fd4   0x000000e8   Code   RO         3966    i.STMFLASH_Write    stmflash.o
    0x080260bc   0x00000026   Code   RO         3967    i.STMFLASH_Write_NoCheck  stmflash.o
    0x080260e2   0x00000002   Code   RO         4960    i.SVC_Handler       stm32f10x_it.o
    0x080260e4   0x00000090   Code   RO         4716    i.Screen_Update     multirotor_app.o
    0x08026174   0x00000090   Code   RO         4717    i.Sensor_Init       multirotor_app.o
    0x08026204   0x00000010   Code   RO         2417    i.SetBTABLE         usb_regs.o
    0x08026214   0x00000054   Code   RO         2172    i.SetDeviceAddress  usb_core.o
    0x08026268   0x00000024   Code   RO         2431    i.SetEPRxAddr       usb_regs.o
    0x0802628c   0x00000050   Code   RO         2432    i.SetEPRxCount      usb_regs.o
    0x080262dc   0x00000044   Code   RO         2433    i.SetEPRxStatus     usb_regs.o
    0x08026320   0x00000034   Code   RO         2434    i.SetEPRxValid      usb_regs.o
    0x08026354   0x00000020   Code   RO         2435    i.SetEPTxAddr       usb_regs.o
    0x08026374   0x00000020   Code   RO         2436    i.SetEPTxCount      usb_regs.o
    0x08026394   0x00000044   Code   RO         2437    i.SetEPTxStatus     usb_regs.o
    0x080263d8   0x00000034   Code   RO         2438    i.SetEPTxValid      usb_regs.o
    0x0802640c   0x00000024   Code   RO         2439    i.SetEPType         usb_regs.o
    0x08026430   0x00000008   Code   RO            1    i.SetSysClock       system_stm32f10x.o
    0x08026438   0x000000c8   Code   RO            2    i.SetSysClockTo72   system_stm32f10x.o
    0x08026500   0x000000b8   Code   RO         2173    i.Setup0_Process    usb_core.o
    0x080265b8   0x00000050   Code   RO         3519    i.Single_Read       i2c.o
    0x08026608   0x00000046   Code   RO         3520    i.Single_Write      i2c.o
    0x0802664e   0x00000002   PAD
    0x08026650   0x00000170   Code   RO         2174    i.Standard_ClearFeature  usb_core.o
    0x080267c0   0x0000002c   Code   RO         2175    i.Standard_GetConfiguration  usb_core.o
    0x080267ec   0x00000024   Code   RO         2176    i.Standard_GetDescriptorData  usb_core.o
    0x08026810   0x0000002c   Code   RO         2177    i.Standard_GetInterface  usb_core.o
    0x0802683c   0x00000100   Code   RO         2178    i.Standard_GetStatus  usb_core.o
    0x0802693c   0x00000048   Code   RO         2179    i.Standard_SetConfiguration  usb_core.o
    0x08026984   0x00000028   Code   RO         2180    i.Standard_SetDeviceFeature  usb_core.o
    0x080269ac   0x000000d4   Code   RO         2181    i.Standard_SetEndPointFeature  usb_core.o
    0x08026a80   0x0000006c   Code   RO         2182    i.Standard_SetInterface  usb_core.o
    0x08026aec   0x00000060   Code   RO            4    i.SystemInit        system_stm32f10x.o
    0x08026b4c   0x00000080   Code   RO          935    i.TI1_Config        stm32f10x_tim.o
    0x08026bcc   0x0000008c   Code   RO          936    i.TI2_Config        stm32f10x_tim.o
    0x08026c58   0x00000088   Code   RO          937    i.TI3_Config        stm32f10x_tim.o
    0x08026ce0   0x0000008c   Code   RO          938    i.TI4_Config        stm32f10x_tim.o
    0x08026d6c   0x00000002   Code   RO         3842    i.TIM2_IRQHandler   pwm_in.o
    0x08026d6e   0x00000002   PAD
    0x08026d70   0x00000154   Code   RO         3843    i.TIM3_IRQHandler   pwm_in.o
    0x08026ec4   0x00000050   Code   RO         3630    i.TIM5_Config       time.o
    0x08026f14   0x000001f4   Code   RO         4961    i.TIM5_IRQHandler   stm32f10x_it.o
    0x08027108   0x00000018   Code   RO          939    i.TIM_ARRPreloadConfig  stm32f10x_tim.o
    0x08027120   0x00000006   Code   RO          945    i.TIM_ClearFlag     stm32f10x_tim.o
    0x08027126   0x00000006   Code   RO          946    i.TIM_ClearITPendingBit  stm32f10x_tim.o
    0x0802712c   0x00000018   Code   RO          951    i.TIM_Cmd           stm32f10x_tim.o
    0x08027144   0x000001e8   Code   RO          956    i.TIM_DeInit        stm32f10x_tim.o
    0x0802732c   0x00000006   Code   RO          968    i.TIM_GetCapture3   stm32f10x_tim.o
    0x08027332   0x00000022   Code   RO          972    i.TIM_GetITStatus   stm32f10x_tim.o
    0x08027354   0x000000ac   Code   RO          974    i.TIM_ICInit        stm32f10x_tim.o
    0x08027400   0x00000018   Code   RO          976    i.TIM_ITConfig      stm32f10x_tim.o
    0x08027418   0x00000098   Code   RO          980    i.TIM_OC1Init       stm32f10x_tim.o
    0x080274b0   0x00000012   Code   RO          983    i.TIM_OC1PreloadConfig  stm32f10x_tim.o
    0x080274c2   0x00000002   PAD
    0x080274c4   0x0000009c   Code   RO          985    i.TIM_OC2Init       stm32f10x_tim.o
    0x08027560   0x00000016   Code   RO          988    i.TIM_OC2PreloadConfig  stm32f10x_tim.o
    0x08027576   0x00000002   PAD
    0x08027578   0x00000098   Code   RO          990    i.TIM_OC3Init       stm32f10x_tim.o
    0x08027610   0x00000016   Code   RO          992    i.TIM_OC3PolarityConfig  stm32f10x_tim.o
    0x08027626   0x00000012   Code   RO          993    i.TIM_OC3PreloadConfig  stm32f10x_tim.o
    0x08027638   0x00000074   Code   RO          995    i.TIM_OC4Init       stm32f10x_tim.o
    0x080276ac   0x00000016   Code   RO          997    i.TIM_OC4PreloadConfig  stm32f10x_tim.o
    0x080276c2   0x00000012   Code   RO         1017    i.TIM_SetIC1Prescaler  stm32f10x_tim.o
    0x080276d4   0x00000016   Code   RO         1018    i.TIM_SetIC2Prescaler  stm32f10x_tim.o
    0x080276ea   0x00000012   Code   RO         1019    i.TIM_SetIC3Prescaler  stm32f10x_tim.o
    0x080276fc   0x00000016   Code   RO         1020    i.TIM_SetIC4Prescaler  stm32f10x_tim.o
    0x08027712   0x00000002   PAD
    0x08027714   0x000000a4   Code   RO         1022    i.TIM_TimeBaseInit  stm32f10x_tim.o
    0x080277b8   0x000000a0   Code   RO         3651    i.Tim4_init         moto.o
    0x08027858   0x00000080   Code   RO         4718    i.Time_slice        multirotor_app.o
    0x080278d8   0x000000cc   Code   RO         4719    i.Time_slice_1      multirotor_app.o
    0x080279a4   0x000000a8   Code   RO         4720    i.Time_slice_2      multirotor_app.o
    0x08027a4c   0x00000114   Code   RO         4721    i.Time_slice_3      multirotor_app.o
    0x08027b60   0x00000088   Code   RO         3697    i.USART1_Config     usart.o
    0x08027be8   0x00000018   Code   RO          381    i.USART_Cmd         stm32f10x_usart.o
    0x08027c00   0x0000004a   Code   RO          387    i.USART_ITConfig    stm32f10x_usart.o
    0x08027c4a   0x00000002   PAD
    0x08027c4c   0x000000d8   Code   RO          388    i.USART_Init        stm32f10x_usart.o
    0x08027d24   0x0000003c   Code   RO         2316    i.USB_Init          usb_init.o
    0x08027d60   0x00000008   Code   RO         4962    i.USB_LP_CAN1_RX0_IRQHandler  stm32f10x_it.o
    0x08027d68   0x0000002c   Code   RO         2747    i.USB_SIL_Init      usb_sil.o
    0x08027d94   0x0000002e   Code   RO         2748    i.USB_SIL_Read      usb_sil.o
    0x08027dc2   0x00000002   PAD
    0x08027dc4   0x00000034   Code   RO         4480    i.Ultrasonic_Config  ultrasonic.o
    0x08027df8   0x00000020   Code   RO         4481    i.Ultrasonic_Pulsing  ultrasonic.o
    0x08027e18   0x00000004   Code   RO         4963    i.UsageFault_Handler  stm32f10x_it.o
    0x08027e1c   0x00000088   Code   RO         4840    i.UsbCmdPro         multirotor_radio.o
    0x08027ea4   0x00000038   Code   RO         2370    i.UserToPMABufferCopy  usb_mem.o
    0x08027edc   0x0000006c   Code   RO         4540    i.VariableParameter  algorithm_math.o
    0x08027f48   0x00000064   Code   RO         3187    i.Virtual_Com_Port_Data_Setup  usb_prop.o
    0x08027fac   0x00000014   Code   RO         3188    i.Virtual_Com_Port_GetConfigDescriptor  usb_prop.o
    0x08027fc0   0x00000014   Code   RO         3189    i.Virtual_Com_Port_GetDeviceDescriptor  usb_prop.o
    0x08027fd4   0x0000001c   Code   RO         3190    i.Virtual_Com_Port_GetLineCoding  usb_prop.o
    0x08027ff0   0x00000028   Code   RO         3191    i.Virtual_Com_Port_GetStringDescriptor  usb_prop.o
    0x08028018   0x00000016   Code   RO         3192    i.Virtual_Com_Port_Get_Interface_Setting  usb_prop.o
    0x0802802e   0x00000002   PAD
    0x08028030   0x00000028   Code   RO         3193    i.Virtual_Com_Port_NoData_Setup  usb_prop.o
    0x08028058   0x000000e8   Code   RO         3194    i.Virtual_Com_Port_Reset  usb_prop.o
    0x08028140   0x00000018   Code   RO         3195    i.Virtual_Com_Port_SetConfiguration  usb_prop.o
    0x08028158   0x0000000c   Code   RO         3196    i.Virtual_Com_Port_SetDeviceAddress  usb_prop.o
    0x08028164   0x0000001c   Code   RO         3197    i.Virtual_Com_Port_SetLineCoding  usb_prop.o
    0x08028180   0x00000014   Code   RO         3198    i.Virtual_Com_Port_Status_In  usb_prop.o
    0x08028194   0x00000002   Code   RO         3199    i.Virtual_Com_Port_Status_Out  usb_prop.o
    0x08028196   0x00000002   PAD
    0x08028198   0x0000002c   Code   RO         3200    i.Virtual_Com_Port_init  usb_prop.o
    0x080281c4   0x00000028   Code   RO         5203    i.__ARM_fpclassify  m_ws.l(fpclassify.o)
    0x080281ec   0x00000026   Code   RO         5136    i.__ARM_fpclassifyf  m_ws.l(fpclassifyf.o)
    0x08028212   0x00000002   PAD
    0x08028214   0x000001fc   Code   RO         3786    i.__EE_Init         eeprom.o
    0x08028410   0x00000388   Code   RO         5141    i.__ieee754_rem_pio2  m_ws.l(rred.o)
    0x08028798   0x000000fc   Code   RO         5133    i.__kernel_cos      m_ws.l(cos_i.o)
    0x08028894   0x000000aa   Code   RO         5205    i.__kernel_poly     m_ws.l(poly.o)
    0x0802893e   0x00000002   PAD
    0x08028940   0x000000ec   Code   RO         5149    i.__kernel_sin      m_ws.l(sin_i.o)
    0x08028a2c   0x00000010   Code   RO         5201    i.__mathlib_dbl_underflow  m_ws.l(dunder.o)
    0x08028a3c   0x0000000a   Code   RO         5138    i.__mathlib_flt_underflow  m_ws.l(funder.o)
    0x08028a46   0x0000000e   Code   RO         5213    i.__scatterload_copy  mc_w.l(handlers.o)
    0x08028a54   0x00000002   Code   RO         5214    i.__scatterload_null  mc_w.l(handlers.o)
    0x08028a56   0x0000000e   Code   RO         5215    i.__scatterload_zeroinit  mc_w.l(handlers.o)
    0x08028a64   0x00000006   Code   RO         2830    i.__set_PRIMASK     usb_hw.o
    0x08028a6a   0x00000002   PAD
    0x08028a6c   0x0000000c   Code   RO         5185    i.__set_errno       mc_w.l(errno.o)
    0x08028a78   0x00000016   Code   RO         4541    i.array_assign      algorithm_math.o
    0x08028a8e   0x00000002   PAD
    0x08028a90   0x00000128   Code   RO         5027    i.asinf             m_ws.l(asinf.o)
    0x08028bb8   0x00000224   Code   RO         5124    i.atan              m_ws.l(atan.o)
    0x08028ddc   0x00000180   Code   RO         5035    i.atan2             m_ws.l(atan2.o)
    0x08028f5c   0x00000254   Code   RO         5043    i.atan2f            m_ws.l(atan2f.o)
    0x080291b0   0x00000080   Code   RO         2831    i.bsp_InitUsb       usb_hw.o
    0x08029230   0x000000ac   Code   RO         5051    i.cos               m_ws.l(cos.o)
    0x080292dc   0x00000026   Code   RO         4543    i.data_limit        algorithm_math.o
    0x08029302   0x00000018   Code   RO         3746    i.delay             delay.o
    0x0802931a   0x0000000e   Code   RO         3521    i.delay5ms          i2c.o
    0x08029328   0x00000040   Code   RO         3747    i.delay_init        delay.o
    0x08029368   0x0000003c   Code   RO         3748    i.delay_ms          delay.o
    0x080293a4   0x0000003c   Code   RO         3749    i.delay_us          delay.o
    0x080293e0   0x00000034   Code   RO         2832    i.exeplay_write_appmask  usb_hw.o
    0x08029414   0x000000d4   Code   RO         3878    i.i2cInit           hard_i2c.o
    0x080294e8   0x000000f0   Code   RO         3880    i.i2cUnstick        hard_i2c.o
    0x080295d8   0x000000c4   Code   RO         3883    i.i2c_er_handler    hard_i2c.o
    0x0802969c   0x000003cc   Code   RO         3884    i.i2c_ev_handler    hard_i2c.o
    0x08029a68   0x00000060   Code   RO         4722    i.loop              multirotor_app.o
    0x08029ac8   0x0000006c   Code   RO         4723    i.loop_1            multirotor_app.o
    0x08029b34   0x00000050   Code   RO         4724    i.loop_2            multirotor_app.o
    0x08029b84   0x00000050   Code   RO         4725    i.loop_3            multirotor_app.o
    0x08029bd4   0x000000e4   Code   RO         4935    i.main              main.o
    0x08029cb8   0x000000ac   Code   RO         4841    i.mavlink           multirotor_radio.o
    0x08029d64   0x00000074   Code   RO         3652    i.moto_PwmRflash    moto.o
    0x08029dd8   0x00000028   Code   RO         3653    i.moto_STOP         moto.o
    0x08029e00   0x0000009c   Code   RO         4593    i.paramLoad         algorithm_sqlite.o
    0x08029e9c   0x000000b0   Code   RO         5067    i.sin               m_ws.l(sin.o)
    0x08029f4c   0x0000002c   Code   RO         5156    i.sqrtf             m_ws.l(sqrtf.o)
    0x08029f78   0x00000024   Code   RO         2833    i.usb_CableConfig   usb_hw.o
    0x08029f9c   0x00000050   Code   RO         2835    i.usb_GetRxByte     usb_hw.o
    0x08029fec   0x00000078   Code   RO         2836    i.usb_GetTxWord     usb_hw.o
    0x0802a064   0x0000007c   Code   RO         3169    i.usb_Istr          usb_istr.o
    0x0802a0e0   0x00000050   Code   RO         3292    i.usb_PowerOn       usb_pwr.o
    0x0802a130   0x000000e4   Code   RO         2838    i.usb_SaveHostDataToBuf  usb_hw.o
    0x0802a214   0x00000048   Code   RO         2840    i.usb_SendDataToHost  usb_hw.o
    0x0802a25c   0x000000b1   Data   RO         2774    .constdata          usb_desc.o
    0x0802a30d   0x00000003   PAD
    0x0802a310   0x00000028   Data   RO         3885    .constdata          hard_i2c.o
    0x0802a338   0x000009db   Data   RO         4069    .constdata          oled.o
    0x0802ad13   0x00000005   PAD
    0x0802ad18   0x00000098   Data   RO         5125    .constdata          m_ws.l(atan.o)
    0x0802adb0   0x00000030   Data   RO         5134    .constdata          m_ws.l(cos_i.o)
    0x0802ade0   0x00000008   Data   RO         5140    .constdata          m_ws.l(qnan.o)
    0x0802ade8   0x000000c8   Data   RO         5143    .constdata          m_ws.l(rred.o)
    0x0802aeb0   0x00000028   Data   RO         5150    .constdata          m_ws.l(sin_i.o)
    0x0802aed8   0x00000020   Data   RO         5211    Region$$Table       anon$$obj.o


    Execution Region RW_IRAM1 (Base: 0x20000000, Size: 0x00003ff0, Max: 0x00010000, ABSOLUTE, COMPRESSED[0x0000016c])

    Base Addr    Size         Type   Attr      Idx    E Section Name        Object

    0x20000000   0x00000014   Data   RW          169    .data               stm32f10x_rcc.o
    0x20000014   0x00000004   Data   RW         2183    .data               usb_core.o
    0x20000018   0x00000014   Data   RW         2318    .data               usb_init.o
    0x2000002c   0x00000004   Data   RW         2341    .data               usb_int.o
    0x20000030   0x0000001a   Data   RW         2775    .data               usb_desc.o
    0x2000004a   0x00000002   PAD
    0x2000004c   0x00000004   Data   RW         2790    .data               usb_endp.o
    0x20000050   0x0000003e   Data   RW         3170    .data               usb_istr.o
    0x2000008e   0x00000002   PAD
    0x20000090   0x00000094   Data   RW         3201    .data               usb_prop.o
    0x20000124   0x00000007   Data   RW         3296    .data               usb_pwr.o
    0x2000012b   0x00000001   PAD
    0x2000012c   0x00000005   Data   RW         3338    .data               led.o
    0x20000131   0x00000001   PAD
    0x20000132   0x00000002   Data   RW         3604    .data               adc.o
    0x20000134   0x00000004   Data   RW         3750    .data               delay.o
    0x20000138   0x00000008   Data   RW         3787    .data               eeprom.o
    0x20000140   0x00000028   Data   RW         3845    .data               pwm_in.o
    0x20000168   0x0000001c   Data   RW         3886    .data               hard_i2c.o
    0x20000184   0x0000000e   Data   RW         4307    .data               mpu6050.o
    0x20000192   0x00000002   PAD
    0x20000194   0x00000014   Data   RW         4348    .data               hmc5883.o
    0x200001a8   0x0000000a   Data   RW         4384    .data               nrf24l01.o
    0x200001b2   0x00000002   PAD
    0x200001b4   0x00000048   Data   RW         4482    .data               ultrasonic.o
    0x200001fc   0x00000096   Data   RW         4594    .data               algorithm_sqlite.o
    0x20000292   0x00000002   PAD
    0x20000294   0x00000005   Data   RW         4686    .data               multirotor_rc.o
    0x20000299   0x00000003   PAD
    0x2000029c   0x00000020   Data   RW         4727    .data               multirotor_app.o
    0x200002bc   0x00000004   PAD
    0x200002c0   0x0000007e   Data   RW         4804    .data               multirotor_ahrs.o
    0x2000033e   0x00000002   PAD
    0x20000340   0x000000b4   Data   RW         4843    .data               multirotor_radio.o
    0x200003f4   0x0000000e   Data   RW         4898    .data               multirotor_control.o
    0x20000402   0x00000004   Data   RW         4936    .data               main.o
    0x20000406   0x00000003   Data   RW         4964    .data               stm32f10x_it.o
    0x20000409   0x00000003   PAD
    0x2000040c   0x00000004   Data   RW         5186    .data               mc_w.l(errno.o)
    0x20000410   0x0000001c   Zero   RW         2317    .bss                usb_init.o
    0x2000042c   0x0000100a   Zero   RW         2841    .bss                usb_hw.o
    0x20001436   0x0000002c   Zero   RW         3844    .bss                pwm_in.o
    0x20001462   0x00000800   Zero   RW         3969    .bss                stmflash.o
    0x20001c62   0x00000002   PAD
    0x20001c64   0x00000078   Zero   RW         4306    .bss                mpu6050.o
    0x20001cdc   0x00000018   Zero   RW         4347    .bss                hmc5883.o
    0x20001cf4   0x00000052   Zero   RW         4685    .bss                multirotor_rc.o
    0x20001d46   0x0000003c   Zero   RW         4726    .bss                multirotor_app.o
    0x20001d82   0x00000006   PAD
    0x20001d88   0x000000fc   Zero   RW         4803    .bss                multirotor_ahrs.o
    0x20001e84   0x00000080   Zero   RW         4842    .bss                multirotor_radio.o
    0x20001f04   0x000000ec   Zero   RW         4897    .bss                multirotor_control.o
    0x20001ff0   0x00002000   Zero   RW          130    STACK               startup_stm32f10x_hd.o


==============================================================================

Image component sizes


      Code (inc. data)   RO Data    RW Data    ZI Data      Debug   Object Name

       292         18          0          2          0       2277   adc.o
       292          0          0          0          0       1729   algorithm_filter.o
       292         30          0          0          0       3863   algorithm_math.o
       866          6          0          0          0       3718   algorithm_quaternion.o
      1364        126          0        150          0       5547   algorithm_sqlite.o
         0          0          0          0          0         32   core_cm3.o
       208         20          0          4          0       2407   delay.o
      1288         92          0          8          0       8158   eeprom.o
      1652         92         40         28          0       7198   hard_i2c.o
      1082         66          0         20         24       3066   hmc5883.o
       896         42          0          0          0       8039   i2c.o
       608         56          0          5          0     228064   led.o
       228         22          0          4          0       2167   main.o
       152         24          0          0          0       1763   misc.o
       364         24          0          0          0       2650   moto.o
       968         44          0         14        120       5726   mpu6050.o
      1624        140          0        126        252       4258   multirotor_ahrs.o
      1558        130          0         32         60       9043   multirotor_app.o
      2004        134          0         14        236       4651   multirotor_control.o
      1956        280          0        180        128       8342   multirotor_radio.o
       424         42          0          5         82       3523   multirotor_rc.o
       544         44          0         10          0       4847   nrf24l01.o
      1428         34       2523          0          0       8695   oled.o
       710         74          0         40         44       3015   pwm_in.o
       328         24          0          0          0       1399   spi.o
        36          8        304          0       8192        924   startup_stm32f10x_hd.o
       412         10          0          0          0       8715   stm32f10x_adc.o
       420         16          0          0          0       3710   stm32f10x_dma.o
       278         32          0          0          0       3822   stm32f10x_flash.o
       444          6          0          0          0       4914   stm32f10x_gpio.o
       460         20          0          0          0       7591   stm32f10x_i2c.o
       532         46          0          3          0       5396   stm32f10x_it.o
       412         66          0         20          0       7866   stm32f10x_rcc.o
       112          0          0          0          0       4254   stm32f10x_spi.o
      2250        266          0          0          0      19649   stm32f10x_tim.o
       314          6          0          0          0       3970   stm32f10x_usart.o
       310         10          0          0       2048       3709   stmflash.o
       304         26          0          0          0     296229   system_stm32f10x.o
       152          4          0          0          0       1110   time.o
       688        130          0         72          0       3505   ultrasonic.o
       136         10          0          0          0        644   usart.o
      3066        282          0          4          0      18983   usb_core.o
         0          0        177         26          0       1179   usb_desc.o
       156         14          0          4          0       2596   usb_endp.o
       836         78          0          0       4106     272565   usb_hw.o
        60         24          0         20         28       4338   usb_init.o
       648         38          0          4          0       1892   usb_int.o
       124         22          0         62          0       1536   usb_istr.o
        92          8          0          0          0       1964   usb_mem.o
       632        104          0        148          0      13305   usb_prop.o
        80         16          0          7          0       2157   usb_pwr.o
       740        104          0          0          0      10767   usb_regs.o
        90         14          0          0          0       1666   usb_sil.o

    ----------------------------------------------------------------------
     34960       2924       3084       1036      15328    1043133   Object Totals
         0          0         32          0          0          0   (incl. Generated)
        48          0          8         24          8          0   (incl. Padding)

    ----------------------------------------------------------------------

      Code (inc. data)   RO Data    RW Data    ZI Data      Debug   Library Member Name

       296         36          0          0          0        120   asinf.o
       548         70        152          0          0        124   atan.o
       384         38          0          0          0        144   atan2.o
       596         76          0          0          0        116   atan2f.o
       172          8          0          0          0        112   cos.o
       252         22         48          0          0        124   cos_i.o
        16          6          0          0          0         68   dunder.o
        40          0          0          0          0         68   fpclassify.o
        38          0          0          0          0         68   fpclassifyf.o
        10          0          0          0          0         68   funder.o
       170          0          0          0          0         96   poly.o
         0          0          8          0          0          0   qnan.o
       904         72        200          0          0        140   rred.o
       176         10          0          0          0        116   sin.o
       236         12         40          0          0        128   sin_i.o
        44          0          0          0          0         80   sqrtf.o
        92          0          0          0          0          0   __dczerorl2.o
         0          0          0          0          0          0   entry.o
         0          0          0          0          0          0   entry10a.o
         0          0          0          0          0          0   entry11a.o
         8          4          0          0          0          0   entry2.o
         4          0          0          0          0          0   entry5.o
         0          0          0          0          0          0   entry7b.o
         0          0          0          0          0          0   entry8b.o
         8          4          0          0          0          0   entry9a.o
        12          6          0          4          0         68   errno.o
        30          0          0          0          0          0   handlers.o
        36          8          0          0          0         68   init.o
         0          0          0          0          0          0   iusefp.o
        30          0          0          0          0         68   llshl.o
        36          0          0          0          0         68   llsshr.o
        32          0          0          0          0         68   llushr.o
        40          2          0          0          0         68   cdcmple.o
        20          0          0          0          0         68   cfcmple.o
        20          0          0          0          0         68   cfrcmple.o
        56          0          0          0          0         88   d2f.o
       334          0          0          0          0        148   dadd.o
       222          0          0          0          0        100   ddiv.o
       190          0          0          0          0        176   depilogue.o
        62          0          0          0          0         80   dfixi.o
        50          0          0          0          0         76   dfixui.o
        34          0          0          0          0         76   dflti.o
        26          0          0          0          0         76   dfltui.o
       228          0          0          0          0         96   dmul.o
        46          0          0          0          0         80   dscalb.o
        38          0          0          0          0         68   f2d.o
       176          0          0          0          0        140   fadd.o
       128          0          0          0          0         88   fdiv.o
       108          0          0          0          0        168   fepilogue.o
        50          0          0          0          0         68   ffixi.o
        40          0          0          0          0         68   ffixui.o
        18          0          0          0          0         68   fflti.o
        10          0          0          0          0         68   ffltui.o
       108          0          0          0          0         76   fmul.o
        24          0          0          0          0         68   fscalb.o
        94          0          0          0          0         96   fsqrt.o

    ----------------------------------------------------------------------
      6300        374        448          4          0       4088   Library Totals
         8          0          0          0          0          0   (incl. Padding)

    ----------------------------------------------------------------------

      Code (inc. data)   RO Data    RW Data    ZI Data      Debug   Library Name

      3882        350        448          0          0       1572   m_ws.l
       288         22          0          4          0        340   mc_w.l
      2122          2          0          0          0       2176   mf_w.l

    ----------------------------------------------------------------------
      6300        374        448          4          0       4088   Library Totals

    ----------------------------------------------------------------------

==============================================================================


      Code (inc. data)   RO Data    RW Data    ZI Data      Debug   

     41260       3298       3532       1040      15328    1029645   Grand Totals
     41260       3298       3532        364      15328    1029645   ELF Image Totals (compressed)
     41260       3298       3532        364          0          0   ROM Totals

==============================================================================

    Total RO  Size (Code + RO Data)                44792 (  43.74kB)
    Total RW  Size (RW Data + ZI Data)             16368 (  15.98kB)
    Total ROM Size (Code + RO Data + RW Data)      45156 (  44.10kB)

==============================================================================

